Component: ARM Compiler 5.06 update 7 (build 960) Tool: armlink [4d3601]

==============================================================================

Section Cross References

    startup_stm32f10x_hd.o(RESET) refers to startup_stm32f10x_hd.o(STACK) for __initial_sp
    startup_stm32f10x_hd.o(RESET) refers to startup_stm32f10x_hd.o(.text) for Reset_Handler
    startup_stm32f10x_hd.o(RESET) refers to stm32f10x_it.o(.text) for NMI_Handler
    startup_stm32f10x_hd.o(RESET) refers to exti.o(.text) for EXTI15_10_IRQHandler
    startup_stm32f10x_hd.o(RESET) refers to bsp.o(.text) for UART4_IRQHandler
    startup_stm32f10x_hd.o(.text) refers to system_stm32f10x.o(.text) for SystemInit
    startup_stm32f10x_hd.o(.text) refers to entry.o(.ARM.Collect$$$$00000000) for __main
    main.o(.text) refers to dflti.o(.text) for __aeabi_i2d
    main.o(.text) refers to dmul.o(.text) for __aeabi_dmul
    main.o(.text) refers to ddiv.o(.text) for __aeabi_ddiv
    main.o(.text) refers to dadd.o(.text) for __aeabi_dadd
    main.o(.text) refers to cdcmple.o(.text) for __aeabi_cdcmple
    main.o(.text) refers to dfltui.o(.text) for __aeabi_ui2d
    main.o(.text) refers to cdrcmple.o(.text) for __aeabi_cdrcmple
    main.o(.text) refers to bsp.o(.text) for BSP_Configuration
    main.o(.text) refers to delay.o(.text) for delay_init
    main.o(.text) refers to misc.o(.text) for NVIC_PriorityGroupConfig
    main.o(.text) refers to exti.o(.data) for ov_sta
    main.o(.text) refers to main.o(.data) for l
    main.o(.text) refers to main.o(.bss) for x_arr
    main.o(.text) refers to ov7725.o(.text) for OV7725_Init
    main.o(.text) refers to exti.o(.text) for EXTI15_10_Init
    main.o(.text) refers to stm32f10x_usart.o(.text) for USART_GetFlagStatus
    stm32f10x_it.o(.text) refers to bsp.o(.text) for TimingDelay_Decrement
    sccb.o(.text) refers to stm32f10x_rcc.o(.text) for RCC_APB2PeriphClockCmd
    sccb.o(.text) refers to stm32f10x_gpio.o(.text) for GPIO_Init
    sccb.o(.text) refers to delay.o(.text) for delay_us
    exti.o(.text) refers to stm32f10x_exti.o(.text) for EXTI_GetITStatus
    exti.o(.text) refers to stm32f10x_gpio.o(.text) for GPIO_EXTILineConfig
    exti.o(.text) refers to misc.o(.text) for NVIC_Init
    exti.o(.text) refers to exti.o(.data) for ov_sta
    delay.o(.text) refers to misc.o(.text) for SysTick_CLKSourceConfig
    delay.o(.text) refers to system_stm32f10x.o(.data) for SystemCoreClock
    delay.o(.text) refers to delay.o(.data) for fac_us
    ov7725.o(.text) refers to stm32f10x_rcc.o(.text) for RCC_APB2PeriphClockCmd
    ov7725.o(.text) refers to stm32f10x_gpio.o(.text) for GPIO_Init
    ov7725.o(.text) refers to sccb.o(.text) for SCCB_Init
    ov7725.o(.text) refers to delay.o(.text) for delay_ms
    ov7725.o(.text) refers to ov7725.o(.constdata) for ov7725_init_reg_tb1
    bsp.o(.text) refers to misc.o(.text) for NVIC_PriorityGroupConfig
    bsp.o(.text) refers to stm32f10x_gpio.o(.text) for GPIO_Init
    bsp.o(.text) refers to system_stm32f10x.o(.text) for SystemInit
    bsp.o(.text) refers to stm32f10x_rcc.o(.text) for RCC_APB2PeriphClockCmd
    bsp.o(.text) refers to stm32f10x_usart.o(.text) for USART_Init
    bsp.o(.text) refers to bsp.o(.data) for RxCnt
    bsp.o(.text) refers to main.o(.data) for Send_Step
    system_stm32f10x.o(.text) refers to system_stm32f10x.o(.data) for SystemCoreClock
    stm32f10x_adc.o(.text) refers to stm32f10x_rcc.o(.text) for RCC_APB2PeriphResetCmd
    stm32f10x_bkp.o(.text) refers to stm32f10x_rcc.o(.text) for RCC_BackupResetCmd
    stm32f10x_can.o(.text) refers to stm32f10x_rcc.o(.text) for RCC_APB1PeriphResetCmd
    stm32f10x_cec.o(.text) refers to stm32f10x_rcc.o(.text) for RCC_APB1PeriphResetCmd
    stm32f10x_dac.o(.text) refers to stm32f10x_rcc.o(.text) for RCC_APB1PeriphResetCmd
    stm32f10x_gpio.o(.text) refers to stm32f10x_rcc.o(.text) for RCC_APB2PeriphResetCmd
    stm32f10x_i2c.o(.text) refers to stm32f10x_rcc.o(.text) for RCC_APB1PeriphResetCmd
    stm32f10x_pwr.o(.text) refers to stm32f10x_rcc.o(.text) for RCC_APB1PeriphResetCmd
    stm32f10x_rcc.o(.text) refers to stm32f10x_rcc.o(.data) for APBAHBPrescTable
    stm32f10x_spi.o(.text) refers to stm32f10x_rcc.o(.text) for RCC_APB2PeriphResetCmd
    stm32f10x_tim.o(.text) refers to stm32f10x_rcc.o(.text) for RCC_APB2PeriphResetCmd
    stm32f10x_usart.o(.text) refers to stm32f10x_rcc.o(.text) for RCC_APB2PeriphResetCmd
    stm32f10x_wwdg.o(.text) refers to stm32f10x_rcc.o(.text) for RCC_APB1PeriphResetCmd
    entry.o(.ARM.Collect$$$$00000000) refers (Special) to entry10a.o(.ARM.Collect$$$$0000000F) for __rt_final_cpp
    entry.o(.ARM.Collect$$$$00000000) refers (Special) to entry11a.o(.ARM.Collect$$$$00000011) for __rt_final_exit
    entry.o(.ARM.Collect$$$$00000000) refers (Special) to entry12b.o(.ARM.Collect$$$$0000000E) for __rt_lib_shutdown_fini
    entry.o(.ARM.Collect$$$$00000000) refers (Special) to entry7b.o(.ARM.Collect$$$$00000008) for _main_clock
    entry.o(.ARM.Collect$$$$00000000) refers (Special) to entry8b.o(.ARM.Collect$$$$0000000A) for _main_cpp_init
    entry.o(.ARM.Collect$$$$00000000) refers (Special) to entry9a.o(.ARM.Collect$$$$0000000B) for _main_init
    entry.o(.ARM.Collect$$$$00000000) refers (Special) to entry5.o(.ARM.Collect$$$$00000004) for _main_scatterload
    entry.o(.ARM.Collect$$$$00000000) refers (Special) to entry2.o(.ARM.Collect$$$$00000001) for _main_stk
    dadd.o(.text) refers (Special) to iusefp.o(.text) for __I$use$fp
    dadd.o(.text) refers to llshl.o(.text) for __aeabi_llsl
    dadd.o(.text) refers to llsshr.o(.text) for __aeabi_lasr
    dadd.o(.text) refers to depilogue.o(.text) for _double_epilogue
    dmul.o(.text) refers (Special) to iusefp.o(.text) for __I$use$fp
    dmul.o(.text) refers to depilogue.o(.text) for _double_epilogue
    ddiv.o(.text) refers (Special) to iusefp.o(.text) for __I$use$fp
    ddiv.o(.text) refers to depilogue.o(.text) for _double_round
    dflti.o(.text) refers (Special) to iusefp.o(.text) for __I$use$fp
    dflti.o(.text) refers to depilogue.o(.text) for _double_epilogue
    dfltui.o(.text) refers (Special) to iusefp.o(.text) for __I$use$fp
    dfltui.o(.text) refers to depilogue.o(.text) for _double_epilogue
    cdcmple.o(.text) refers (Special) to iusefp.o(.text) for __I$use$fp
    cdrcmple.o(.text) refers (Special) to iusefp.o(.text) for __I$use$fp
    entry2.o(.ARM.Collect$$$$00000001) refers to entry2.o(.ARM.Collect$$$$00002712) for __lit__00000000
    entry2.o(.ARM.Collect$$$$00002712) refers to startup_stm32f10x_hd.o(STACK) for __initial_sp
    entry2.o(__vectab_stack_and_reset_area) refers to startup_stm32f10x_hd.o(STACK) for __initial_sp
    entry2.o(__vectab_stack_and_reset_area) refers to entry.o(.ARM.Collect$$$$00000000) for __main
    entry5.o(.ARM.Collect$$$$00000004) refers to init.o(.text) for __scatterload
    entry9a.o(.ARM.Collect$$$$0000000B) refers to main.o(.text) for main
    entry9b.o(.ARM.Collect$$$$0000000C) refers to main.o(.text) for main
    depilogue.o(.text) refers to llshl.o(.text) for __aeabi_llsl
    depilogue.o(.text) refers to llushr.o(.text) for __aeabi_llsr
    init.o(.text) refers to entry5.o(.ARM.Collect$$$$00000004) for __main_after_scatterload


==============================================================================

Removing Unused input sections from the image.

    Removing startup_stm32f10x_hd.o(HEAP), (512 bytes).
    Removing core_cm3.o(.emb_text), (32 bytes).
    Removing stm32f10x_adc.o(.text), (1102 bytes).
    Removing stm32f10x_bkp.o(.text), (196 bytes).
    Removing stm32f10x_can.o(.text), (2544 bytes).
    Removing stm32f10x_cec.o(.text), (288 bytes).
    Removing stm32f10x_crc.o(.text), (72 bytes).
    Removing stm32f10x_dac.o(.text), (396 bytes).
    Removing stm32f10x_dbgmcu.o(.text), (48 bytes).
    Removing stm32f10x_dma.o(.text), (596 bytes).
    Removing stm32f10x_flash.o(.text), (1468 bytes).
    Removing stm32f10x_fsmc.o(.text), (1548 bytes).
    Removing stm32f10x_i2c.o(.text), (1028 bytes).
    Removing stm32f10x_iwdg.o(.text), (64 bytes).
    Removing stm32f10x_pwr.o(.text), (204 bytes).
    Removing stm32f10x_rtc.o(.text), (328 bytes).
    Removing stm32f10x_sdio.o(.text), (468 bytes).
    Removing stm32f10x_spi.o(.text), (780 bytes).
    Removing stm32f10x_tim.o(.text), (3610 bytes).
    Removing stm32f10x_wwdg.o(.text), (136 bytes).

20 unused section(s) (total 15420 bytes) removed from the image.

==============================================================================

Image Symbol Table

    Local Symbols

    Symbol Name                              Value     Ov Type        Size  Object(Section)

    ../clib/microlib/init/entry.s            0x00000000   Number         0  entry11a.o ABSOLUTE
    ../clib/microlib/init/entry.s            0x00000000   Number         0  entry7b.o ABSOLUTE
    ../clib/microlib/init/entry.s            0x00000000   Number         0  entry.o ABSOLUTE
    ../clib/microlib/init/entry.s            0x00000000   Number         0  entry8a.o ABSOLUTE
    ../clib/microlib/init/entry.s            0x00000000   Number         0  entry8b.o ABSOLUTE
    ../clib/microlib/init/entry.s            0x00000000   Number         0  entry9a.o ABSOLUTE
    ../clib/microlib/init/entry.s            0x00000000   Number         0  entry9b.o ABSOLUTE
    ../clib/microlib/init/entry.s            0x00000000   Number         0  entry12b.o ABSOLUTE
    ../clib/microlib/init/entry.s            0x00000000   Number         0  entry10a.o ABSOLUTE
    ../clib/microlib/init/entry.s            0x00000000   Number         0  entry12a.o ABSOLUTE
    ../clib/microlib/init/entry.s            0x00000000   Number         0  entry11b.o ABSOLUTE
    ../clib/microlib/init/entry.s            0x00000000   Number         0  entry10b.o ABSOLUTE
    ../clib/microlib/init/entry.s            0x00000000   Number         0  entry7a.o ABSOLUTE
    ../clib/microlib/init/entry.s            0x00000000   Number         0  entry5.o ABSOLUTE
    ../clib/microlib/init/entry.s            0x00000000   Number         0  entry2.o ABSOLUTE
    ../clib/microlib/longlong.c              0x00000000   Number         0  llushr.o ABSOLUTE
    ../clib/microlib/longlong.c              0x00000000   Number         0  llsshr.o ABSOLUTE
    ../clib/microlib/longlong.c              0x00000000   Number         0  llshl.o ABSOLUTE
    ../clib/microlib/stubs.s                 0x00000000   Number         0  iusefp.o ABSOLUTE
    ../fplib/microlib/fpadd.c                0x00000000   Number         0  dadd.o ABSOLUTE
    ../fplib/microlib/fpdiv.c                0x00000000   Number         0  ddiv.o ABSOLUTE
    ../fplib/microlib/fpepilogue.c           0x00000000   Number         0  depilogue.o ABSOLUTE
    ../fplib/microlib/fpflt.c                0x00000000   Number         0  dfltui.o ABSOLUTE
    ../fplib/microlib/fpflt.c                0x00000000   Number         0  dflti.o ABSOLUTE
    ../fplib/microlib/fpmul.c                0x00000000   Number         0  dmul.o ABSOLUTE
    ..\App\delay.c                           0x00000000   Number         0  delay.o ABSOLUTE
    ..\App\exti.c                            0x00000000   Number         0  exti.o ABSOLUTE
    ..\App\main.c                            0x00000000   Number         0  main.o ABSOLUTE
    ..\App\ov7725.c                          0x00000000   Number         0  ov7725.o ABSOLUTE
    ..\App\sccb.c                            0x00000000   Number         0  sccb.o ABSOLUTE
    ..\App\stm32f10x_it.c                    0x00000000   Number         0  stm32f10x_it.o ABSOLUTE
    ..\App\sys.c                             0x00000000   Number         0  sys.o ABSOLUTE
    ..\Bsp\bsp.c                             0x00000000   Number         0  bsp.o ABSOLUTE
    ..\Libraries\CMSIS\core_cm3.c            0x00000000   Number         0  core_cm3.o ABSOLUTE
    ..\Libraries\CMSIS\system_stm32f10x.c    0x00000000   Number         0  system_stm32f10x.o ABSOLUTE
    ..\Libraries\STM32F10x_StdPeriph_Driver\src\misc.c 0x00000000   Number         0  misc.o ABSOLUTE
    ..\Libraries\STM32F10x_StdPeriph_Driver\src\stm32f10x_adc.c 0x00000000   Number         0  stm32f10x_adc.o ABSOLUTE
    ..\Libraries\STM32F10x_StdPeriph_Driver\src\stm32f10x_bkp.c 0x00000000   Number         0  stm32f10x_bkp.o ABSOLUTE
    ..\Libraries\STM32F10x_StdPeriph_Driver\src\stm32f10x_can.c 0x00000000   Number         0  stm32f10x_can.o ABSOLUTE
    ..\Libraries\STM32F10x_StdPeriph_Driver\src\stm32f10x_cec.c 0x00000000   Number         0  stm32f10x_cec.o ABSOLUTE
    ..\Libraries\STM32F10x_StdPeriph_Driver\src\stm32f10x_crc.c 0x00000000   Number         0  stm32f10x_crc.o ABSOLUTE
    ..\Libraries\STM32F10x_StdPeriph_Driver\src\stm32f10x_dac.c 0x00000000   Number         0  stm32f10x_dac.o ABSOLUTE
    ..\Libraries\STM32F10x_StdPeriph_Driver\src\stm32f10x_dbgmcu.c 0x00000000   Number         0  stm32f10x_dbgmcu.o ABSOLUTE
    ..\Libraries\STM32F10x_StdPeriph_Driver\src\stm32f10x_dma.c 0x00000000   Number         0  stm32f10x_dma.o ABSOLUTE
    ..\Libraries\STM32F10x_StdPeriph_Driver\src\stm32f10x_exti.c 0x00000000   Number         0  stm32f10x_exti.o ABSOLUTE
    ..\Libraries\STM32F10x_StdPeriph_Driver\src\stm32f10x_flash.c 0x00000000   Number         0  stm32f10x_flash.o ABSOLUTE
    ..\Libraries\STM32F10x_StdPeriph_Driver\src\stm32f10x_fsmc.c 0x00000000   Number         0  stm32f10x_fsmc.o ABSOLUTE
    ..\Libraries\STM32F10x_StdPeriph_Driver\src\stm32f10x_gpio.c 0x00000000   Number         0  stm32f10x_gpio.o ABSOLUTE
    ..\Libraries\STM32F10x_StdPeriph_Driver\src\stm32f10x_i2c.c 0x00000000   Number         0  stm32f10x_i2c.o ABSOLUTE
    ..\Libraries\STM32F10x_StdPeriph_Driver\src\stm32f10x_iwdg.c 0x00000000   Number         0  stm32f10x_iwdg.o ABSOLUTE
    ..\Libraries\STM32F10x_StdPeriph_Driver\src\stm32f10x_pwr.c 0x00000000   Number         0  stm32f10x_pwr.o ABSOLUTE
    ..\Libraries\STM32F10x_StdPeriph_Driver\src\stm32f10x_rcc.c 0x00000000   Number         0  stm32f10x_rcc.o ABSOLUTE
    ..\Libraries\STM32F10x_StdPeriph_Driver\src\stm32f10x_rtc.c 0x00000000   Number         0  stm32f10x_rtc.o ABSOLUTE
    ..\Libraries\STM32F10x_StdPeriph_Driver\src\stm32f10x_sdio.c 0x00000000   Number         0  stm32f10x_sdio.o ABSOLUTE
    ..\Libraries\STM32F10x_StdPeriph_Driver\src\stm32f10x_spi.c 0x00000000   Number         0  stm32f10x_spi.o ABSOLUTE
    ..\Libraries\STM32F10x_StdPeriph_Driver\src\stm32f10x_tim.c 0x00000000   Number         0  stm32f10x_tim.o ABSOLUTE
    ..\Libraries\STM32F10x_StdPeriph_Driver\src\stm32f10x_usart.c 0x00000000   Number         0  stm32f10x_usart.o ABSOLUTE
    ..\Libraries\STM32F10x_StdPeriph_Driver\src\stm32f10x_wwdg.c 0x00000000   Number         0  stm32f10x_wwdg.o ABSOLUTE
    ..\Libraries\Startup\startup_stm32f10x_hd.s 0x00000000   Number         0  startup_stm32f10x_hd.o ABSOLUTE
    ..\\Libraries\\CMSIS\\core_cm3.c         0x00000000   Number         0  core_cm3.o ABSOLUTE
    cdcmple.s                                0x00000000   Number         0  cdcmple.o ABSOLUTE
    cdrcmple.s                               0x00000000   Number         0  cdrcmple.o ABSOLUTE
    dc.s                                     0x00000000   Number         0  dc.o ABSOLUTE
    handlers.s                               0x00000000   Number         0  handlers.o ABSOLUTE
    init.s                                   0x00000000   Number         0  init.o ABSOLUTE
    RESET                                    0x08000000   Section      304  startup_stm32f10x_hd.o(RESET)
    .ARM.Collect$$$$00000000                 0x08000130   Section        0  entry.o(.ARM.Collect$$$$00000000)
    .ARM.Collect$$$$00000001                 0x08000130   Section        4  entry2.o(.ARM.Collect$$$$00000001)
    .ARM.Collect$$$$00000004                 0x08000134   Section        4  entry5.o(.ARM.Collect$$$$00000004)
    .ARM.Collect$$$$00000008                 0x08000138   Section        0  entry7b.o(.ARM.Collect$$$$00000008)
    .ARM.Collect$$$$0000000A                 0x08000138   Section        0  entry8b.o(.ARM.Collect$$$$0000000A)
    .ARM.Collect$$$$0000000B                 0x08000138   Section        8  entry9a.o(.ARM.Collect$$$$0000000B)
    .ARM.Collect$$$$0000000E                 0x08000140   Section        4  entry12b.o(.ARM.Collect$$$$0000000E)
    .ARM.Collect$$$$0000000F                 0x08000144   Section        0  entry10a.o(.ARM.Collect$$$$0000000F)
    .ARM.Collect$$$$00000011                 0x08000144   Section        0  entry11a.o(.ARM.Collect$$$$00000011)
    .ARM.Collect$$$$00002712                 0x08000144   Section        4  entry2.o(.ARM.Collect$$$$00002712)
    __lit__00000000                          0x08000144   Data           4  entry2.o(.ARM.Collect$$$$00002712)
    .text                                    0x08000148   Section       36  startup_stm32f10x_hd.o(.text)
    .text                                    0x0800016c   Section        0  main.o(.text)
    .text                                    0x0800086c   Section        0  stm32f10x_it.o(.text)
    .text                                    0x0800088c   Section        0  sccb.o(.text)
    .text                                    0x08000b20   Section        0  exti.o(.text)
    .text                                    0x08000bac   Section        0  delay.o(.text)
    .text                                    0x08000c80   Section        0  ov7725.o(.text)
    .text                                    0x0800117c   Section        0  bsp.o(.text)
    .text                                    0x08001354   Section        0  system_stm32f10x.o(.text)
    SetSysClockTo72                          0x08001355   Thumb Code   214  system_stm32f10x.o(.text)
    SetSysClock                              0x0800142b   Thumb Code     8  system_stm32f10x.o(.text)
    .text                                    0x08001534   Section        0  misc.o(.text)
    .text                                    0x08001610   Section        0  stm32f10x_exti.o(.text)
    .text                                    0x0800172c   Section        0  stm32f10x_gpio.o(.text)
    .text                                    0x08001a88   Section        0  stm32f10x_rcc.o(.text)
    .text                                    0x08001e2c   Section        0  stm32f10x_usart.o(.text)
    .text                                    0x08002234   Section        0  dadd.o(.text)
    .text                                    0x08002382   Section        0  dmul.o(.text)
    .text                                    0x08002466   Section        0  ddiv.o(.text)
    .text                                    0x08002544   Section        0  dflti.o(.text)
    .text                                    0x08002566   Section        0  dfltui.o(.text)
    .text                                    0x08002580   Section       48  cdcmple.o(.text)
    .text                                    0x080025b0   Section       48  cdrcmple.o(.text)
    .text                                    0x080025e0   Section        0  llshl.o(.text)
    .text                                    0x080025fe   Section        0  llsshr.o(.text)
    .text                                    0x08002622   Section        0  depilogue.o(.text)
    .text                                    0x08002622   Section        0  iusefp.o(.text)
    .text                                    0x080026dc   Section       36  init.o(.text)
    .text                                    0x08002700   Section        0  llushr.o(.text)
    i.__scatterload_copy                     0x08002720   Section       14  handlers.o(i.__scatterload_copy)
    i.__scatterload_null                     0x0800272e   Section        2  handlers.o(i.__scatterload_null)
    i.__scatterload_zeroinit                 0x08002730   Section       14  handlers.o(i.__scatterload_zeroinit)
    .constdata                               0x0800273e   Section      130  ov7725.o(.constdata)
    .data                                    0x20000000   Section       30  main.o(.data)
    .data                                    0x2000001e   Section        1  exti.o(.data)
    .data                                    0x20000020   Section        4  delay.o(.data)
    fac_us                                   0x20000020   Data           1  delay.o(.data)
    fac_ms                                   0x20000022   Data           2  delay.o(.data)
    .data                                    0x20000024   Section        1  bsp.o(.data)
    RxCnt                                    0x20000024   Data           1  bsp.o(.data)
    .data                                    0x20000028   Section       20  system_stm32f10x.o(.data)
    .data                                    0x2000003c   Section       20  stm32f10x_rcc.o(.data)
    APBAHBPrescTable                         0x2000003c   Data          16  stm32f10x_rcc.o(.data)
    ADCPrescTable                            0x2000004c   Data           4  stm32f10x_rcc.o(.data)
    .bss                                     0x20000050   Section     1320  main.o(.bss)
    STACK                                    0x20000578   Section     1024  startup_stm32f10x_hd.o(STACK)

    Global Symbols

    Symbol Name                              Value     Ov Type        Size  Object(Section)

    BuildAttributes$$THM_ISAv4$P$D$K$B$S$PE$A:L22UL41UL21$X:L11$S22US41US21$IEEE1$IW$USESV6$~STKCKD$USESV7$~SHL$OSPACE$ROPI$EBA8$MICROLIB$REQ8$PRES8$EABIv2 0x00000000   Number         0  anon$$obj.o ABSOLUTE
    __ARM_use_no_argv                        0x00000000   Number         0  main.o ABSOLUTE
    __arm_fini_                               - Undefined Weak Reference
    __cpp_initialize__aeabi_                  - Undefined Weak Reference
    __cxa_finalize                            - Undefined Weak Reference
    __decompress                              - Undefined Weak Reference
    _clock_init                               - Undefined Weak Reference
    _microlib_exit                            - Undefined Weak Reference
    __Vectors_Size                           0x00000130   Number         0  startup_stm32f10x_hd.o ABSOLUTE
    __Vectors                                0x08000000   Data           4  startup_stm32f10x_hd.o(RESET)
    __Vectors_End                            0x08000130   Data           0  startup_stm32f10x_hd.o(RESET)
    __main                                   0x08000131   Thumb Code     0  entry.o(.ARM.Collect$$$$00000000)
    _main_stk                                0x08000131   Thumb Code     0  entry2.o(.ARM.Collect$$$$00000001)
    _main_scatterload                        0x08000135   Thumb Code     0  entry5.o(.ARM.Collect$$$$00000004)
    __main_after_scatterload                 0x08000139   Thumb Code     0  entry5.o(.ARM.Collect$$$$00000004)
    _main_clock                              0x08000139   Thumb Code     0  entry7b.o(.ARM.Collect$$$$00000008)
    _main_cpp_init                           0x08000139   Thumb Code     0  entry8b.o(.ARM.Collect$$$$0000000A)
    _main_init                               0x08000139   Thumb Code     0  entry9a.o(.ARM.Collect$$$$0000000B)
    __rt_lib_shutdown_fini                   0x08000141   Thumb Code     0  entry12b.o(.ARM.Collect$$$$0000000E)
    __rt_final_cpp                           0x08000145   Thumb Code     0  entry10a.o(.ARM.Collect$$$$0000000F)
    __rt_final_exit                          0x08000145   Thumb Code     0  entry11a.o(.ARM.Collect$$$$00000011)
    Reset_Handler                            0x08000149   Thumb Code     8  startup_stm32f10x_hd.o(.text)
    ADC1_2_IRQHandler                        0x08000163   Thumb Code     0  startup_stm32f10x_hd.o(.text)
    ADC3_IRQHandler                          0x08000163   Thumb Code     0  startup_stm32f10x_hd.o(.text)
    CAN1_RX1_IRQHandler                      0x08000163   Thumb Code     0  startup_stm32f10x_hd.o(.text)
    CAN1_SCE_IRQHandler                      0x08000163   Thumb Code     0  startup_stm32f10x_hd.o(.text)
    DMA1_Channel1_IRQHandler                 0x08000163   Thumb Code     0  startup_stm32f10x_hd.o(.text)
    DMA1_Channel2_IRQHandler                 0x08000163   Thumb Code     0  startup_stm32f10x_hd.o(.text)
    DMA1_Channel3_IRQHandler                 0x08000163   Thumb Code     0  startup_stm32f10x_hd.o(.text)
    DMA1_Channel4_IRQHandler                 0x08000163   Thumb Code     0  startup_stm32f10x_hd.o(.text)
    DMA1_Channel5_IRQHandler                 0x08000163   Thumb Code     0  startup_stm32f10x_hd.o(.text)
    DMA1_Channel6_IRQHandler                 0x08000163   Thumb Code     0  startup_stm32f10x_hd.o(.text)
    DMA1_Channel7_IRQHandler                 0x08000163   Thumb Code     0  startup_stm32f10x_hd.o(.text)
    DMA2_Channel1_IRQHandler                 0x08000163   Thumb Code     0  startup_stm32f10x_hd.o(.text)
    DMA2_Channel2_IRQHandler                 0x08000163   Thumb Code     0  startup_stm32f10x_hd.o(.text)
    DMA2_Channel3_IRQHandler                 0x08000163   Thumb Code     0  startup_stm32f10x_hd.o(.text)
    DMA2_Channel4_5_IRQHandler               0x08000163   Thumb Code     0  startup_stm32f10x_hd.o(.text)
    EXTI0_IRQHandler                         0x08000163   Thumb Code     0  startup_stm32f10x_hd.o(.text)
    EXTI1_IRQHandler                         0x08000163   Thumb Code     0  startup_stm32f10x_hd.o(.text)
    EXTI2_IRQHandler                         0x08000163   Thumb Code     0  startup_stm32f10x_hd.o(.text)
    EXTI3_IRQHandler                         0x08000163   Thumb Code     0  startup_stm32f10x_hd.o(.text)
    EXTI4_IRQHandler                         0x08000163   Thumb Code     0  startup_stm32f10x_hd.o(.text)
    EXTI9_5_IRQHandler                       0x08000163   Thumb Code     0  startup_stm32f10x_hd.o(.text)
    FLASH_IRQHandler                         0x08000163   Thumb Code     0  startup_stm32f10x_hd.o(.text)
    FSMC_IRQHandler                          0x08000163   Thumb Code     0  startup_stm32f10x_hd.o(.text)
    I2C1_ER_IRQHandler                       0x08000163   Thumb Code     0  startup_stm32f10x_hd.o(.text)
    I2C1_EV_IRQHandler                       0x08000163   Thumb Code     0  startup_stm32f10x_hd.o(.text)
    I2C2_ER_IRQHandler                       0x08000163   Thumb Code     0  startup_stm32f10x_hd.o(.text)
    I2C2_EV_IRQHandler                       0x08000163   Thumb Code     0  startup_stm32f10x_hd.o(.text)
    PVD_IRQHandler                           0x08000163   Thumb Code     0  startup_stm32f10x_hd.o(.text)
    RCC_IRQHandler                           0x08000163   Thumb Code     0  startup_stm32f10x_hd.o(.text)
    RTCAlarm_IRQHandler                      0x08000163   Thumb Code     0  startup_stm32f10x_hd.o(.text)
    RTC_IRQHandler                           0x08000163   Thumb Code     0  startup_stm32f10x_hd.o(.text)
    SDIO_IRQHandler                          0x08000163   Thumb Code     0  startup_stm32f10x_hd.o(.text)
    SPI1_IRQHandler                          0x08000163   Thumb Code     0  startup_stm32f10x_hd.o(.text)
    SPI2_IRQHandler                          0x08000163   Thumb Code     0  startup_stm32f10x_hd.o(.text)
    SPI3_IRQHandler                          0x08000163   Thumb Code     0  startup_stm32f10x_hd.o(.text)
    TAMPER_IRQHandler                        0x08000163   Thumb Code     0  startup_stm32f10x_hd.o(.text)
    TIM1_BRK_IRQHandler                      0x08000163   Thumb Code     0  startup_stm32f10x_hd.o(.text)
    TIM1_CC_IRQHandler                       0x08000163   Thumb Code     0  startup_stm32f10x_hd.o(.text)
    TIM1_TRG_COM_IRQHandler                  0x08000163   Thumb Code     0  startup_stm32f10x_hd.o(.text)
    TIM1_UP_IRQHandler                       0x08000163   Thumb Code     0  startup_stm32f10x_hd.o(.text)
    TIM2_IRQHandler                          0x08000163   Thumb Code     0  startup_stm32f10x_hd.o(.text)
    TIM3_IRQHandler                          0x08000163   Thumb Code     0  startup_stm32f10x_hd.o(.text)
    TIM4_IRQHandler                          0x08000163   Thumb Code     0  startup_stm32f10x_hd.o(.text)
    TIM5_IRQHandler                          0x08000163   Thumb Code     0  startup_stm32f10x_hd.o(.text)
    TIM6_IRQHandler                          0x08000163   Thumb Code     0  startup_stm32f10x_hd.o(.text)
    TIM7_IRQHandler                          0x08000163   Thumb Code     0  startup_stm32f10x_hd.o(.text)
    TIM8_BRK_IRQHandler                      0x08000163   Thumb Code     0  startup_stm32f10x_hd.o(.text)
    TIM8_CC_IRQHandler                       0x08000163   Thumb Code     0  startup_stm32f10x_hd.o(.text)
    TIM8_TRG_COM_IRQHandler                  0x08000163   Thumb Code     0  startup_stm32f10x_hd.o(.text)
    TIM8_UP_IRQHandler                       0x08000163   Thumb Code     0  startup_stm32f10x_hd.o(.text)
    UART5_IRQHandler                         0x08000163   Thumb Code     0  startup_stm32f10x_hd.o(.text)
    USART1_IRQHandler                        0x08000163   Thumb Code     0  startup_stm32f10x_hd.o(.text)
    USART2_IRQHandler                        0x08000163   Thumb Code     0  startup_stm32f10x_hd.o(.text)
    USART3_IRQHandler                        0x08000163   Thumb Code     0  startup_stm32f10x_hd.o(.text)
    USBWakeUp_IRQHandler                     0x08000163   Thumb Code     0  startup_stm32f10x_hd.o(.text)
    USB_HP_CAN1_TX_IRQHandler                0x08000163   Thumb Code     0  startup_stm32f10x_hd.o(.text)
    USB_LP_CAN1_RX0_IRQHandler               0x08000163   Thumb Code     0  startup_stm32f10x_hd.o(.text)
    WWDG_IRQHandler                          0x08000163   Thumb Code     0  startup_stm32f10x_hd.o(.text)
    OV7725_camera_refresh                    0x0800016d   Thumb Code   950  main.o(.text)
    main                                     0x08000523   Thumb Code   784  main.o(.text)
    NMI_Handler                              0x0800086d   Thumb Code     2  stm32f10x_it.o(.text)
    HardFault_Handler                        0x0800086f   Thumb Code     4  stm32f10x_it.o(.text)
    MemManage_Handler                        0x08000873   Thumb Code     4  stm32f10x_it.o(.text)
    BusFault_Handler                         0x08000877   Thumb Code     4  stm32f10x_it.o(.text)
    UsageFault_Handler                       0x0800087b   Thumb Code     4  stm32f10x_it.o(.text)
    SVC_Handler                              0x0800087f   Thumb Code     2  stm32f10x_it.o(.text)
    DebugMon_Handler                         0x08000881   Thumb Code     2  stm32f10x_it.o(.text)
    PendSV_Handler                           0x08000883   Thumb Code     2  stm32f10x_it.o(.text)
    SysTick_Handler                          0x08000885   Thumb Code     8  stm32f10x_it.o(.text)
    SCCB_Init                                0x0800088d   Thumb Code   102  sccb.o(.text)
    SCCB_Start                               0x080008f3   Thumb Code    42  sccb.o(.text)
    SCCB_Stop                                0x0800091d   Thumb Code    42  sccb.o(.text)
    SCCB_No_Ack                              0x08000947   Thumb Code    54  sccb.o(.text)
    SCCB_WR_Byte                             0x0800097d   Thumb Code   152  sccb.o(.text)
    SCCB_RD_Byte                             0x08000a15   Thumb Code   104  sccb.o(.text)
    SCCB_WR_Reg                              0x08000a7d   Thumb Code    62  sccb.o(.text)
    SCCB_RD_Reg                              0x08000abb   Thumb Code    78  sccb.o(.text)
    EXTI15_10_IRQHandler                     0x08000b21   Thumb Code    54  exti.o(.text)
    EXTI15_10_Init                           0x08000b57   Thumb Code    70  exti.o(.text)
    delay_init                               0x08000bad   Thumb Code    50  delay.o(.text)
    delay_us                                 0x08000bdf   Thumb Code    72  delay.o(.text)
    delay_ms                                 0x08000c27   Thumb Code    72  delay.o(.text)
    OV7725_Init                              0x08000c81   Thumb Code   254  ov7725.o(.text)
    OV7725_Light_Mode                        0x08000d7f   Thumb Code   274  ov7725.o(.text)
    OV7725_Color_Saturation                  0x08000e91   Thumb Code    40  ov7725.o(.text)
    OV7725_Brightness                        0x08000eb9   Thumb Code    98  ov7725.o(.text)
    OV7725_Contrast                          0x08000f1b   Thumb Code    34  ov7725.o(.text)
    OV7725_Special_Effects                   0x08000f3d   Thumb Code   190  ov7725.o(.text)
    OV7725_Window_Set                        0x08000ffb   Thumb Code   384  ov7725.o(.text)
    BSP_EXTI_Configuration                   0x0800117d   Thumb Code    40  bsp.o(.text)
    BSP_GPIO_Configuration                   0x080011a5   Thumb Code    54  bsp.o(.text)
    BSP_RCC_Configuration                    0x080011db   Thumb Code    64  bsp.o(.text)
    BSP_Configuration                        0x0800121b   Thumb Code    16  bsp.o(.text)
    BSP_USART_Configuration                  0x0800122b   Thumb Code    76  bsp.o(.text)
    BSP_USART_OUT                            0x08001277   Thumb Code    48  bsp.o(.text)
    UART4_IRQHandler                         0x080012a7   Thumb Code   130  bsp.o(.text)
    TimingDelay_Decrement                    0x08001329   Thumb Code    18  bsp.o(.text)
    SystemInit                               0x08001433   Thumb Code    78  system_stm32f10x.o(.text)
    SystemCoreClockUpdate                    0x08001481   Thumb Code   142  system_stm32f10x.o(.text)
    NVIC_PriorityGroupConfig                 0x08001535   Thumb Code    10  misc.o(.text)
    NVIC_Init                                0x0800153f   Thumb Code   100  misc.o(.text)
    NVIC_SetVectorTable                      0x080015a3   Thumb Code    14  misc.o(.text)
    NVIC_SystemLPConfig                      0x080015b1   Thumb Code    34  misc.o(.text)
    SysTick_CLKSourceConfig                  0x080015d3   Thumb Code    40  misc.o(.text)
    EXTI_DeInit                              0x08001611   Thumb Code    28  stm32f10x_exti.o(.text)
    EXTI_Init                                0x0800162d   Thumb Code   142  stm32f10x_exti.o(.text)
    EXTI_StructInit                          0x080016bb   Thumb Code    16  stm32f10x_exti.o(.text)
    EXTI_GenerateSWInterrupt                 0x080016cb   Thumb Code    16  stm32f10x_exti.o(.text)
    EXTI_GetFlagStatus                       0x080016db   Thumb Code    22  stm32f10x_exti.o(.text)
    EXTI_ClearFlag                           0x080016f1   Thumb Code     8  stm32f10x_exti.o(.text)
    EXTI_GetITStatus                         0x080016f9   Thumb Code    34  stm32f10x_exti.o(.text)
    EXTI_ClearITPendingBit                   0x0800171b   Thumb Code     8  stm32f10x_exti.o(.text)
    GPIO_DeInit                              0x0800172d   Thumb Code   172  stm32f10x_gpio.o(.text)
    GPIO_AFIODeInit                          0x080017d9   Thumb Code    20  stm32f10x_gpio.o(.text)
    GPIO_Init                                0x080017ed   Thumb Code   278  stm32f10x_gpio.o(.text)
    GPIO_StructInit                          0x08001903   Thumb Code    16  stm32f10x_gpio.o(.text)
    GPIO_ReadInputDataBit                    0x08001913   Thumb Code    18  stm32f10x_gpio.o(.text)
    GPIO_ReadInputData                       0x08001925   Thumb Code     8  stm32f10x_gpio.o(.text)
    GPIO_ReadOutputDataBit                   0x0800192d   Thumb Code    18  stm32f10x_gpio.o(.text)
    GPIO_ReadOutputData                      0x0800193f   Thumb Code     8  stm32f10x_gpio.o(.text)
    GPIO_SetBits                             0x08001947   Thumb Code     4  stm32f10x_gpio.o(.text)
    GPIO_ResetBits                           0x0800194b   Thumb Code     4  stm32f10x_gpio.o(.text)
    GPIO_WriteBit                            0x0800194f   Thumb Code    10  stm32f10x_gpio.o(.text)
    GPIO_Write                               0x08001959   Thumb Code     4  stm32f10x_gpio.o(.text)
    GPIO_PinLockConfig                       0x0800195d   Thumb Code    18  stm32f10x_gpio.o(.text)
    GPIO_EventOutputConfig                   0x0800196f   Thumb Code    26  stm32f10x_gpio.o(.text)
    GPIO_EventOutputCmd                      0x08001989   Thumb Code     6  stm32f10x_gpio.o(.text)
    GPIO_PinRemapConfig                      0x0800198f   Thumb Code   138  stm32f10x_gpio.o(.text)
    GPIO_EXTILineConfig                      0x08001a19   Thumb Code    66  stm32f10x_gpio.o(.text)
    GPIO_ETH_MediaInterfaceConfig            0x08001a5b   Thumb Code     8  stm32f10x_gpio.o(.text)
    RCC_DeInit                               0x08001a89   Thumb Code    64  stm32f10x_rcc.o(.text)
    RCC_HSEConfig                            0x08001ac9   Thumb Code    70  stm32f10x_rcc.o(.text)
    RCC_GetFlagStatus                        0x08001b0f   Thumb Code    56  stm32f10x_rcc.o(.text)
    RCC_WaitForHSEStartUp                    0x08001b47   Thumb Code    56  stm32f10x_rcc.o(.text)
    RCC_AdjustHSICalibrationValue            0x08001b7f   Thumb Code    20  stm32f10x_rcc.o(.text)
    RCC_HSICmd                               0x08001b93   Thumb Code     6  stm32f10x_rcc.o(.text)
    RCC_PLLConfig                            0x08001b99   Thumb Code    24  stm32f10x_rcc.o(.text)
    RCC_PLLCmd                               0x08001bb1   Thumb Code     6  stm32f10x_rcc.o(.text)
    RCC_SYSCLKConfig                         0x08001bb7   Thumb Code    18  stm32f10x_rcc.o(.text)
    RCC_GetSYSCLKSource                      0x08001bc9   Thumb Code    10  stm32f10x_rcc.o(.text)
    RCC_HCLKConfig                           0x08001bd3   Thumb Code    18  stm32f10x_rcc.o(.text)
    RCC_PCLK1Config                          0x08001be5   Thumb Code    18  stm32f10x_rcc.o(.text)
    RCC_PCLK2Config                          0x08001bf7   Thumb Code    20  stm32f10x_rcc.o(.text)
    RCC_ITConfig                             0x08001c0b   Thumb Code    26  stm32f10x_rcc.o(.text)
    RCC_USBCLKConfig                         0x08001c25   Thumb Code     8  stm32f10x_rcc.o(.text)
    RCC_ADCCLKConfig                         0x08001c2d   Thumb Code    18  stm32f10x_rcc.o(.text)
    RCC_LSEConfig                            0x08001c3f   Thumb Code    50  stm32f10x_rcc.o(.text)
    RCC_LSICmd                               0x08001c71   Thumb Code     6  stm32f10x_rcc.o(.text)
    RCC_RTCCLKConfig                         0x08001c77   Thumb Code    12  stm32f10x_rcc.o(.text)
    RCC_RTCCLKCmd                            0x08001c83   Thumb Code     8  stm32f10x_rcc.o(.text)
    RCC_GetClocksFreq                        0x08001c8b   Thumb Code   192  stm32f10x_rcc.o(.text)
    RCC_AHBPeriphClockCmd                    0x08001d4b   Thumb Code    26  stm32f10x_rcc.o(.text)
    RCC_APB2PeriphClockCmd                   0x08001d65   Thumb Code    26  stm32f10x_rcc.o(.text)
    RCC_APB1PeriphClockCmd                   0x08001d7f   Thumb Code    26  stm32f10x_rcc.o(.text)
    RCC_APB2PeriphResetCmd                   0x08001d99   Thumb Code    26  stm32f10x_rcc.o(.text)
    RCC_APB1PeriphResetCmd                   0x08001db3   Thumb Code    26  stm32f10x_rcc.o(.text)
    RCC_BackupResetCmd                       0x08001dcd   Thumb Code     8  stm32f10x_rcc.o(.text)
    RCC_ClockSecuritySystemCmd               0x08001dd5   Thumb Code     6  stm32f10x_rcc.o(.text)
    RCC_MCOConfig                            0x08001ddb   Thumb Code     6  stm32f10x_rcc.o(.text)
    RCC_ClearFlag                            0x08001de1   Thumb Code    14  stm32f10x_rcc.o(.text)
    RCC_GetITStatus                          0x08001def   Thumb Code    20  stm32f10x_rcc.o(.text)
    RCC_ClearITPendingBit                    0x08001e03   Thumb Code     6  stm32f10x_rcc.o(.text)
    USART_DeInit                             0x08001e2d   Thumb Code   134  stm32f10x_usart.o(.text)
    USART_Init                               0x08001eb3   Thumb Code   210  stm32f10x_usart.o(.text)
    USART_StructInit                         0x08001f85   Thumb Code    24  stm32f10x_usart.o(.text)
    USART_ClockInit                          0x08001f9d   Thumb Code    34  stm32f10x_usart.o(.text)
    USART_ClockStructInit                    0x08001fbf   Thumb Code    12  stm32f10x_usart.o(.text)
    USART_Cmd                                0x08001fcb   Thumb Code    24  stm32f10x_usart.o(.text)
    USART_ITConfig                           0x08001fe3   Thumb Code    74  stm32f10x_usart.o(.text)
    USART_DMACmd                             0x0800202d   Thumb Code    18  stm32f10x_usart.o(.text)
    USART_SetAddress                         0x0800203f   Thumb Code    18  stm32f10x_usart.o(.text)
    USART_WakeUpConfig                       0x08002051   Thumb Code    18  stm32f10x_usart.o(.text)
    USART_ReceiverWakeUpCmd                  0x08002063   Thumb Code    24  stm32f10x_usart.o(.text)
    USART_LINBreakDetectLengthConfig         0x0800207b   Thumb Code    18  stm32f10x_usart.o(.text)
    USART_LINCmd                             0x0800208d   Thumb Code    24  stm32f10x_usart.o(.text)
    USART_SendData                           0x080020a5   Thumb Code     8  stm32f10x_usart.o(.text)
    USART_ReceiveData                        0x080020ad   Thumb Code    10  stm32f10x_usart.o(.text)
    USART_SendBreak                          0x080020b7   Thumb Code    10  stm32f10x_usart.o(.text)
    USART_SetGuardTime                       0x080020c1   Thumb Code    16  stm32f10x_usart.o(.text)
    USART_SetPrescaler                       0x080020d1   Thumb Code    16  stm32f10x_usart.o(.text)
    USART_SmartCardCmd                       0x080020e1   Thumb Code    24  stm32f10x_usart.o(.text)
    USART_SmartCardNACKCmd                   0x080020f9   Thumb Code    24  stm32f10x_usart.o(.text)
    USART_HalfDuplexCmd                      0x08002111   Thumb Code    24  stm32f10x_usart.o(.text)
    USART_OverSampling8Cmd                   0x08002129   Thumb Code    22  stm32f10x_usart.o(.text)
    USART_OneBitMethodCmd                    0x0800213f   Thumb Code    24  stm32f10x_usart.o(.text)
    USART_IrDAConfig                         0x08002157   Thumb Code    18  stm32f10x_usart.o(.text)
    USART_IrDACmd                            0x08002169   Thumb Code    24  stm32f10x_usart.o(.text)
    USART_GetFlagStatus                      0x08002181   Thumb Code    26  stm32f10x_usart.o(.text)
    USART_ClearFlag                          0x0800219b   Thumb Code    18  stm32f10x_usart.o(.text)
    USART_GetITStatus                        0x080021ad   Thumb Code    84  stm32f10x_usart.o(.text)
    USART_ClearITPendingBit                  0x08002201   Thumb Code    52  stm32f10x_usart.o(.text)
    __aeabi_dadd                             0x08002235   Thumb Code   322  dadd.o(.text)
    __aeabi_dsub                             0x08002377   Thumb Code     6  dadd.o(.text)
    __aeabi_drsub                            0x0800237d   Thumb Code     6  dadd.o(.text)
    __aeabi_dmul                             0x08002383   Thumb Code   228  dmul.o(.text)
    __aeabi_ddiv                             0x08002467   Thumb Code   222  ddiv.o(.text)
    __aeabi_i2d                              0x08002545   Thumb Code    34  dflti.o(.text)
    __aeabi_ui2d                             0x08002567   Thumb Code    26  dfltui.o(.text)
    __aeabi_cdcmpeq                          0x08002581   Thumb Code     0  cdcmple.o(.text)
    __aeabi_cdcmple                          0x08002581   Thumb Code    48  cdcmple.o(.text)
    __aeabi_cdrcmple                         0x080025b1   Thumb Code    48  cdrcmple.o(.text)
    __aeabi_llsl                             0x080025e1   Thumb Code    30  llshl.o(.text)
    _ll_shift_l                              0x080025e1   Thumb Code     0  llshl.o(.text)
    __aeabi_lasr                             0x080025ff   Thumb Code    36  llsshr.o(.text)
    _ll_sshift_r                             0x080025ff   Thumb Code     0  llsshr.o(.text)
    __I$use$fp                               0x08002623   Thumb Code     0  iusefp.o(.text)
    _double_round                            0x08002623   Thumb Code    30  depilogue.o(.text)
    _double_epilogue                         0x08002641   Thumb Code   156  depilogue.o(.text)
    __scatterload                            0x080026dd   Thumb Code    28  init.o(.text)
    __scatterload_rt2                        0x080026dd   Thumb Code     0  init.o(.text)
    __aeabi_llsr                             0x08002701   Thumb Code    32  llushr.o(.text)
    _ll_ushift_r                             0x08002701   Thumb Code     0  llushr.o(.text)
    __scatterload_copy                       0x08002721   Thumb Code    14  handlers.o(i.__scatterload_copy)
    __scatterload_null                       0x0800272f   Thumb Code     2  handlers.o(i.__scatterload_null)
    __scatterload_zeroinit                   0x08002731   Thumb Code    14  handlers.o(i.__scatterload_zeroinit)
    ov7725_init_reg_tb1                      0x0800273e   Data         130  ov7725.o(.constdata)
    Region$$Table$$Base                      0x080027c0   Number         0  anon$$obj.o(Region$$Table)
    Region$$Table$$Limit                     0x080027e0   Number         0  anon$$obj.o(Region$$Table)
    TimingDelay                              0x20000000   Data           4  main.o(.data)
    redThre                                  0x20000004   Data           4  main.o(.data)
    saturationTh                             0x20000008   Data           4  main.o(.data)
    FLAG_1                                   0x2000000c   Data           1  main.o(.data)
    l                                        0x2000000e   Data           2  main.o(.data)
    h                                        0x20000010   Data           2  main.o(.data)
    Send_Flag                                0x20000012   Data           1  main.o(.data)
    Send_Step                                0x20000013   Data           1  main.o(.data)
    Send_Aim                                 0x20000014   Data           1  main.o(.data)
    Send_Full                                0x20000015   Data           1  main.o(.data)
    Send_X                                   0x20000016   Data           2  main.o(.data)
    Send_Y                                   0x20000018   Data           2  main.o(.data)
    Aim_Num                                  0x2000001a   Data           2  main.o(.data)
    Grid_flag                                0x2000001c   Data           2  main.o(.data)
    ov_sta                                   0x2000001e   Data           1  exti.o(.data)
    SystemCoreClock                          0x20000028   Data           4  system_stm32f10x.o(.data)
    AHBPrescTable                            0x2000002c   Data          16  system_stm32f10x.o(.data)
    x_arr                                    0x20000050   Data         660  main.o(.bss)
    y_arr                                    0x200002e4   Data         660  main.o(.bss)
    __initial_sp                             0x20000978   Data           0  startup_stm32f10x_hd.o(STACK)



==============================================================================

Memory Map of the image

  Image Entry point : 0x08000131

  Load Region LR_IROM1 (Base: 0x08000000, Size: 0x00002830, Max: 0x00080000, ABSOLUTE)

    Execution Region ER_IROM1 (Exec base: 0x08000000, Load base: 0x08000000, Size: 0x000027e0, Max: 0x00080000, ABSOLUTE)

    Exec Addr    Load Addr    Size         Type   Attr      Idx    E Section Name        Object

    0x08000000   0x08000000   0x00000130   Data   RO            3    RESET               startup_stm32f10x_hd.o
    0x08000130   0x08000130   0x00000000   Code   RO          543  * .ARM.Collect$$$$00000000  mc_w.l(entry.o)
    0x08000130   0x08000130   0x00000004   Code   RO          560    .ARM.Collect$$$$00000001  mc_w.l(entry2.o)
    0x08000134   0x08000134   0x00000004   Code   RO          563    .ARM.Collect$$$$00000004  mc_w.l(entry5.o)
    0x08000138   0x08000138   0x00000000   Code   RO          565    .ARM.Collect$$$$00000008  mc_w.l(entry7b.o)
    0x08000138   0x08000138   0x00000000   Code   RO          567    .ARM.Collect$$$$0000000A  mc_w.l(entry8b.o)
    0x08000138   0x08000138   0x00000008   Code   RO          568    .ARM.Collect$$$$0000000B  mc_w.l(entry9a.o)
    0x08000140   0x08000140   0x00000004   Code   RO          575    .ARM.Collect$$$$0000000E  mc_w.l(entry12b.o)
    0x08000144   0x08000144   0x00000000   Code   RO          570    .ARM.Collect$$$$0000000F  mc_w.l(entry10a.o)
    0x08000144   0x08000144   0x00000000   Code   RO          572    .ARM.Collect$$$$00000011  mc_w.l(entry11a.o)
    0x08000144   0x08000144   0x00000004   Code   RO          561    .ARM.Collect$$$$00002712  mc_w.l(entry2.o)
    0x08000148   0x08000148   0x00000024   Code   RO            4    .text               startup_stm32f10x_hd.o
    0x0800016c   0x0800016c   0x00000700   Code   RO           10    .text               main.o
    0x0800086c   0x0800086c   0x00000020   Code   RO          136    .text               stm32f10x_it.o
    0x0800088c   0x0800088c   0x00000294   Code   RO          155    .text               sccb.o
    0x08000b20   0x08000b20   0x0000008c   Code   RO          167    .text               exti.o
    0x08000bac   0x08000bac   0x000000d4   Code   RO          191    .text               delay.o
    0x08000c80   0x08000c80   0x000004fa   Code   RO          205    .text               ov7725.o
    0x0800117a   0x0800117a   0x00000002   PAD
    0x0800117c   0x0800117c   0x000001d8   Code   RO          223    .text               bsp.o
    0x08001354   0x08001354   0x000001e0   Code   RO          247    .text               system_stm32f10x.o
    0x08001534   0x08001534   0x000000dc   Code   RO          265    .text               misc.o
    0x08001610   0x08001610   0x0000011c   Code   RO          373    .text               stm32f10x_exti.o
    0x0800172c   0x0800172c   0x0000035c   Code   RO          409    .text               stm32f10x_gpio.o
    0x08001a88   0x08001a88   0x000003a4   Code   RO          457    .text               stm32f10x_rcc.o
    0x08001e2c   0x08001e2c   0x00000408   Code   RO          519    .text               stm32f10x_usart.o
    0x08002234   0x08002234   0x0000014e   Code   RO          546    .text               mf_w.l(dadd.o)
    0x08002382   0x08002382   0x000000e4   Code   RO          548    .text               mf_w.l(dmul.o)
    0x08002466   0x08002466   0x000000de   Code   RO          550    .text               mf_w.l(ddiv.o)
    0x08002544   0x08002544   0x00000022   Code   RO          552    .text               mf_w.l(dflti.o)
    0x08002566   0x08002566   0x0000001a   Code   RO          554    .text               mf_w.l(dfltui.o)
    0x08002580   0x08002580   0x00000030   Code   RO          556    .text               mf_w.l(cdcmple.o)
    0x080025b0   0x080025b0   0x00000030   Code   RO          558    .text               mf_w.l(cdrcmple.o)
    0x080025e0   0x080025e0   0x0000001e   Code   RO          576    .text               mc_w.l(llshl.o)
    0x080025fe   0x080025fe   0x00000024   Code   RO          578    .text               mc_w.l(llsshr.o)
    0x08002622   0x08002622   0x00000000   Code   RO          580    .text               mc_w.l(iusefp.o)
    0x08002622   0x08002622   0x000000ba   Code   RO          581    .text               mf_w.l(depilogue.o)
    0x080026dc   0x080026dc   0x00000024   Code   RO          583    .text               mc_w.l(init.o)
    0x08002700   0x08002700   0x00000020   Code   RO          585    .text               mc_w.l(llushr.o)
    0x08002720   0x08002720   0x0000000e   Code   RO          589    i.__scatterload_copy  mc_w.l(handlers.o)
    0x0800272e   0x0800272e   0x00000002   Code   RO          590    i.__scatterload_null  mc_w.l(handlers.o)
    0x08002730   0x08002730   0x0000000e   Code   RO          591    i.__scatterload_zeroinit  mc_w.l(handlers.o)
    0x0800273e   0x0800273e   0x00000082   Data   RO          206    .constdata          ov7725.o
    0x080027c0   0x080027c0   0x00000020   Data   RO          587    Region$$Table       anon$$obj.o


    Execution Region RW_IRAM1 (Exec base: 0x20000000, Load base: 0x080027e0, Size: 0x00000978, Max: 0x00010000, ABSOLUTE)

    Exec Addr    Load Addr    Size         Type   Attr      Idx    E Section Name        Object

    0x20000000   0x080027e0   0x0000001e   Data   RW           12    .data               main.o
    0x2000001e   0x080027fe   0x00000001   Data   RW          168    .data               exti.o
    0x2000001f   0x080027ff   0x00000001   PAD
    0x20000020   0x08002800   0x00000004   Data   RW          192    .data               delay.o
    0x20000024   0x08002804   0x00000001   Data   RW          224    .data               bsp.o
    0x20000025   0x08002805   0x00000003   PAD
    0x20000028   0x08002808   0x00000014   Data   RW          248    .data               system_stm32f10x.o
    0x2000003c   0x0800281c   0x00000014   Data   RW          458    .data               stm32f10x_rcc.o
    0x20000050        -       0x00000528   Zero   RW           11    .bss                main.o
    0x20000578        -       0x00000400   Zero   RW            1    STACK               startup_stm32f10x_hd.o


==============================================================================

Image component sizes


      Code (inc. data)   RO Data    RW Data    ZI Data      Debug   Object Name

       472         26          0          1          0       2574   bsp.o
       212         18          0          4          0       1087   delay.o
       140         16          0          1          0        987   exti.o
      1792        154          0         30       1320     254190   main.o
       220         22          0          0          0       1981   misc.o
      1274         44        130          0          0       5281   ov7725.o
       660         24          0          0          0       2063   sccb.o
        36          8        304          0       1024        888   startup_stm32f10x_hd.o
       284         10          0          0          0       2443   stm32f10x_exti.o
       860         38          0          0          0       5913   stm32f10x_gpio.o
        32          0          0          0          0       1322   stm32f10x_it.o
       932         36          0         20          0       9152   stm32f10x_rcc.o
      1032         22          0          0          0       8640   stm32f10x_usart.o
       480         38          0         20          0       1967   system_stm32f10x.o

    ----------------------------------------------------------------------
      8428        456        466         80       2344     298488   Object Totals
         0          0         32          0          0          0   (incl. Generated)
         2          0          0          4          0          0   (incl. Padding)

    ----------------------------------------------------------------------

      Code (inc. data)   RO Data    RW Data    ZI Data      Debug   Library Member Name

         0          0          0          0          0          0   entry.o
         0          0          0          0          0          0   entry10a.o
         0          0          0          0          0          0   entry11a.o
         4          0          0          0          0          0   entry12b.o
         8          4          0          0          0          0   entry2.o
         4          0          0          0          0          0   entry5.o
         0          0          0          0          0          0   entry7b.o
         0          0          0          0          0          0   entry8b.o
         8          4          0          0          0          0   entry9a.o
        30          0          0          0          0          0   handlers.o
        36          8          0          0          0         68   init.o
         0          0          0          0          0          0   iusefp.o
        30          0          0          0          0         68   llshl.o
        36          0          0          0          0         68   llsshr.o
        32          0          0          0          0         68   llushr.o
        48          0          0          0          0         68   cdcmple.o
        48          0          0          0          0         68   cdrcmple.o
       334          0          0          0          0        148   dadd.o
       222          0          0          0          0        100   ddiv.o
       186          0          0          0          0        176   depilogue.o
        34          0          0          0          0         76   dflti.o
        26          0          0          0          0         76   dfltui.o
       228          0          0          0          0         96   dmul.o

    ----------------------------------------------------------------------
      1314         16          0          0          0       1080   Library Totals
         0          0          0          0          0          0   (incl. Padding)

    ----------------------------------------------------------------------

      Code (inc. data)   RO Data    RW Data    ZI Data      Debug   Library Name

       188         16          0          0          0        272   mc_w.l
      1126          0          0          0          0        808   mf_w.l

    ----------------------------------------------------------------------
      1314         16          0          0          0       1080   Library Totals

    ----------------------------------------------------------------------

==============================================================================


      Code (inc. data)   RO Data    RW Data    ZI Data      Debug   

      9742        472        466         80       2344     298108   Grand Totals
      9742        472        466         80       2344     298108   ELF Image Totals
      9742        472        466         80          0          0   ROM Totals

==============================================================================

    Total RO  Size (Code + RO Data)                10208 (   9.97kB)
    Total RW  Size (RW Data + ZI Data)              2424 (   2.37kB)
    Total ROM Size (Code + RO Data + RW Data)      10288 (  10.05kB)

==============================================================================

