Component: ARM Compiler 5.06 update 7 (build 960) Tool: armlink [4d3601]

==============================================================================

Section Cross References

    startup_stm32f10x_hd.o(RESET) refers to startup_stm32f10x_hd.o(STACK) for __initial_sp
    startup_stm32f10x_hd.o(RESET) refers to startup_stm32f10x_hd.o(.text) for Reset_Handler
    startup_stm32f10x_hd.o(RESET) refers to stm32f10x_it.o(.text) for NMI_Handler
    startup_stm32f10x_hd.o(RESET) refers to adc.o(.text) for DMA1_Channel1_IRQHandler
    startup_stm32f10x_hd.o(RESET) refers to pwm.o(.text) for TIM2_IRQHandler
    startup_stm32f10x_hd.o(RESET) refers to bsp.o(.text) for UART4_IRQHandler
    startup_stm32f10x_hd.o(.text) refers to system_stm32f10x.o(.text) for SystemInit
    startup_stm32f10x_hd.o(.text) refers to entry.o(.ARM.Collect$$$$00000000) for __main
    main.o(.text) refers to bsp.o(.text) for BSP_Configuration
    main.o(.text) refers to lcd12864.o(.text) for GPIO_12864_initout
    main.o(.text) refers to pwm.o(.text) for TIM2_12864_Init
    main.o(.text) refers to adc.o(.text) for ADC_Configuration
    main.o(.text) refers to adjust.o(.text) for Flash_Init
    main.o(.text) refers to operate.o(.text) for Area_Init
    main.o(.text) refers to keypad.o(.text) for Key_Event
    main.o(.text) refers to stm32f10x_tim.o(.text) for TIM_ITConfig
    main.o(.text) refers to motor.o(.data) for key_val
    stm32f10x_it.o(.text) refers to bsp.o(.text) for TimingDelay_Decrement
    stm32f10x_it.o(.text) refers to stm32f10x_usart.o(.text) for USART_GetITStatus
    lcd12864.o(.text) refers to stm32f10x_gpio.o(.text) for GPIO_Init
    lcd12864.o(.text) refers to stm32f10x_rcc.o(.text) for RCC_APB2PeriphClockCmd
    lcd12864.o(.text) refers to bsp.o(.text) for Delay
    lcd12864.o(.text) refers to motor.o(.data) for LCD_flag
    lcd12864.o(.text) refers to lcd12864.o(.data) for LCD_Start
    lcd12864.o(.text) refers to motor.o(.bss) for Pick_DaX
    keypad.o(.text) refers to stm32f10x_gpio.o(.text) for GPIO_ReadInputData
    keypad.o(.text) refers to bsp.o(.text) for Delay
    keypad.o(.text) refers to keypad.o(.data) for key_Map
    keypad.o(.text) refers to motor.o(.data) for key_val
    adc.o(.text) refers to stm32f10x_rcc.o(.text) for RCC_APB2PeriphClockCmd
    adc.o(.text) refers to stm32f10x_gpio.o(.text) for GPIO_Init
    adc.o(.text) refers to stm32f10x_tim.o(.text) for TIM_TimeBaseInit
    adc.o(.text) refers to misc.o(.text) for NVIC_PriorityGroupConfig
    adc.o(.text) refers to stm32f10x_dma.o(.text) for DMA_DeInit
    adc.o(.text) refers to stm32f10x_adc.o(.text) for ADC_Init
    adc.o(.text) refers to dfltui.o(.text) for __aeabi_ui2d
    adc.o(.text) refers to dmul.o(.text) for __aeabi_dmul
    adc.o(.text) refers to ddiv.o(.text) for __aeabi_ddiv
    adc.o(.text) refers to dfixui.o(.text) for __aeabi_d2uiz
    adc.o(.text) refers to adc.o(.bss) for DMA_InitStructure
    adc.o(.text) refers to adc.o(.data) for ADCConvertedValue
    adc.o(.text) refers to motor.o(.data) for AD_ResultX
    pwm.o(.text) refers to stm32f10x_rcc.o(.text) for RCC_APB2PeriphClockCmd
    pwm.o(.text) refers to stm32f10x_gpio.o(.text) for GPIO_Init
    pwm.o(.text) refers to stm32f10x_tim.o(.text) for TIM_TimeBaseInit
    pwm.o(.text) refers to misc.o(.text) for NVIC_PriorityGroupConfig
    pwm.o(.text) refers to motor.o(.data) for LCD_Ying
    pwm.o(.text) refers to pwm.o(.data) for OUTX_Flag
    motor.o(.text) refers to stm32f10x_tim.o(.text) for TIM_CCxNCmd
    motor.o(.text) refers to motor.o(.data) for MOT_DirX
    motor.o(.text) refers to pwm.o(.data) for OUTX_Flag
    motor.o(.text) refers to bsp.o(.text) for Alarm_Ctrl
    operate.o(.text) refers to stm32f10x_tim.o(.text) for TIM_ITConfig
    operate.o(.text) refers to bsp.o(.text) for Alarm_Ctrl
    operate.o(.text) refers to motor.o(.data) for key_val
    operate.o(.text) refers to motor.o(.bss) for Pick_DaX
    operate.o(.text) refers to motor.o(.text) for MOTOR_Set
    operate.o(.text) refers to lcd12864.o(.text) for LCD_Clear_Screen
    adjust.o(.text) refers to stm32f10x_flash.o(.text) for FLASH_Unlock
    adjust.o(.text) refers to stm32f10x_tim.o(.text) for TIM_ITConfig
    adjust.o(.text) refers to motor.o(.data) for shift_X
    adjust.o(.text) refers to motor.o(.text) for MOTOR_Set
    bsp.o(.text) refers to misc.o(.text) for NVIC_PriorityGroupConfig
    bsp.o(.text) refers to stm32f10x_gpio.o(.text) for GPIO_Init
    bsp.o(.text) refers to system_stm32f10x.o(.text) for SystemInit
    bsp.o(.text) refers to stm32f10x_rcc.o(.text) for RCC_APB2PeriphClockCmd
    bsp.o(.text) refers to stm32f10x_usart.o(.text) for USART_Init
    bsp.o(.text) refers to stm32f10x_tim.o(.text) for TIM_CCxNCmd
    bsp.o(.text) refers to motor.o(.data) for Auto_UART
    bsp.o(.text) refers to bsp.o(.data) for RxCnt
    bsp.o(.text) refers to bsp.o(.bss) for RxDa
    system_stm32f10x.o(.text) refers to system_stm32f10x.o(.data) for SystemCoreClock
    stm32f10x_adc.o(.text) refers to stm32f10x_rcc.o(.text) for RCC_APB2PeriphResetCmd
    stm32f10x_bkp.o(.text) refers to stm32f10x_rcc.o(.text) for RCC_BackupResetCmd
    stm32f10x_can.o(.text) refers to stm32f10x_rcc.o(.text) for RCC_APB1PeriphResetCmd
    stm32f10x_cec.o(.text) refers to stm32f10x_rcc.o(.text) for RCC_APB1PeriphResetCmd
    stm32f10x_dac.o(.text) refers to stm32f10x_rcc.o(.text) for RCC_APB1PeriphResetCmd
    stm32f10x_gpio.o(.text) refers to stm32f10x_rcc.o(.text) for RCC_APB2PeriphResetCmd
    stm32f10x_i2c.o(.text) refers to stm32f10x_rcc.o(.text) for RCC_APB1PeriphResetCmd
    stm32f10x_pwr.o(.text) refers to stm32f10x_rcc.o(.text) for RCC_APB1PeriphResetCmd
    stm32f10x_rcc.o(.text) refers to stm32f10x_rcc.o(.data) for APBAHBPrescTable
    stm32f10x_spi.o(.text) refers to stm32f10x_rcc.o(.text) for RCC_APB2PeriphResetCmd
    stm32f10x_tim.o(.text) refers to stm32f10x_rcc.o(.text) for RCC_APB2PeriphResetCmd
    stm32f10x_usart.o(.text) refers to stm32f10x_rcc.o(.text) for RCC_APB2PeriphResetCmd
    stm32f10x_wwdg.o(.text) refers to stm32f10x_rcc.o(.text) for RCC_APB1PeriphResetCmd
    entry.o(.ARM.Collect$$$$00000000) refers (Special) to entry10a.o(.ARM.Collect$$$$0000000F) for __rt_final_cpp
    entry.o(.ARM.Collect$$$$00000000) refers (Special) to entry11a.o(.ARM.Collect$$$$00000011) for __rt_final_exit
    entry.o(.ARM.Collect$$$$00000000) refers (Special) to entry12b.o(.ARM.Collect$$$$0000000E) for __rt_lib_shutdown_fini
    entry.o(.ARM.Collect$$$$00000000) refers (Special) to entry7b.o(.ARM.Collect$$$$00000008) for _main_clock
    entry.o(.ARM.Collect$$$$00000000) refers (Special) to entry8b.o(.ARM.Collect$$$$0000000A) for _main_cpp_init
    entry.o(.ARM.Collect$$$$00000000) refers (Special) to entry9a.o(.ARM.Collect$$$$0000000B) for _main_init
    entry.o(.ARM.Collect$$$$00000000) refers (Special) to entry5.o(.ARM.Collect$$$$00000004) for _main_scatterload
    entry.o(.ARM.Collect$$$$00000000) refers (Special) to entry2.o(.ARM.Collect$$$$00000001) for _main_stk
    dmul.o(.text) refers (Special) to iusefp.o(.text) for __I$use$fp
    dmul.o(.text) refers to depilogue.o(.text) for _double_epilogue
    ddiv.o(.text) refers (Special) to iusefp.o(.text) for __I$use$fp
    ddiv.o(.text) refers to depilogue.o(.text) for _double_round
    dfltui.o(.text) refers (Special) to iusefp.o(.text) for __I$use$fp
    dfltui.o(.text) refers to depilogue.o(.text) for _double_epilogue
    dfixui.o(.text) refers (Special) to iusefp.o(.text) for __I$use$fp
    dfixui.o(.text) refers to llushr.o(.text) for __aeabi_llsr
    entry2.o(.ARM.Collect$$$$00000001) refers to entry2.o(.ARM.Collect$$$$00002712) for __lit__00000000
    entry2.o(.ARM.Collect$$$$00002712) refers to startup_stm32f10x_hd.o(STACK) for __initial_sp
    entry2.o(__vectab_stack_and_reset_area) refers to startup_stm32f10x_hd.o(STACK) for __initial_sp
    entry2.o(__vectab_stack_and_reset_area) refers to entry.o(.ARM.Collect$$$$00000000) for __main
    entry5.o(.ARM.Collect$$$$00000004) refers to init.o(.text) for __scatterload
    entry9a.o(.ARM.Collect$$$$0000000B) refers to main.o(.text) for main
    entry9b.o(.ARM.Collect$$$$0000000C) refers to main.o(.text) for main
    depilogue.o(.text) refers to llshl.o(.text) for __aeabi_llsl
    depilogue.o(.text) refers to llushr.o(.text) for __aeabi_llsr
    init.o(.text) refers to entry5.o(.ARM.Collect$$$$00000004) for __main_after_scatterload


==============================================================================

Removing Unused input sections from the image.

    Removing startup_stm32f10x_hd.o(HEAP), (512 bytes).
    Removing core_cm3.o(.emb_text), (32 bytes).
    Removing stm32f10x_bkp.o(.text), (196 bytes).
    Removing stm32f10x_can.o(.text), (2544 bytes).
    Removing stm32f10x_cec.o(.text), (288 bytes).
    Removing stm32f10x_crc.o(.text), (72 bytes).
    Removing stm32f10x_dac.o(.text), (396 bytes).
    Removing stm32f10x_dbgmcu.o(.text), (48 bytes).
    Removing stm32f10x_exti.o(.text), (284 bytes).
    Removing stm32f10x_fsmc.o(.text), (1548 bytes).
    Removing stm32f10x_i2c.o(.text), (1028 bytes).
    Removing stm32f10x_iwdg.o(.text), (64 bytes).
    Removing stm32f10x_pwr.o(.text), (204 bytes).
    Removing stm32f10x_rtc.o(.text), (328 bytes).
    Removing stm32f10x_sdio.o(.text), (468 bytes).
    Removing stm32f10x_spi.o(.text), (780 bytes).
    Removing stm32f10x_wwdg.o(.text), (136 bytes).

17 unused section(s) (total 8928 bytes) removed from the image.

==============================================================================

Image Symbol Table

    Local Symbols

    Symbol Name                              Value     Ov Type        Size  Object(Section)

    ../clib/../cmprslib/zerorunl2.c          0x00000000   Number         0  __dczerorl2.o ABSOLUTE
    ../clib/microlib/init/entry.s            0x00000000   Number         0  entry11b.o ABSOLUTE
    ../clib/microlib/init/entry.s            0x00000000   Number         0  entry12b.o ABSOLUTE
    ../clib/microlib/init/entry.s            0x00000000   Number         0  entry12a.o ABSOLUTE
    ../clib/microlib/init/entry.s            0x00000000   Number         0  entry11a.o ABSOLUTE
    ../clib/microlib/init/entry.s            0x00000000   Number         0  entry10b.o ABSOLUTE
    ../clib/microlib/init/entry.s            0x00000000   Number         0  entry10a.o ABSOLUTE
    ../clib/microlib/init/entry.s            0x00000000   Number         0  entry9b.o ABSOLUTE
    ../clib/microlib/init/entry.s            0x00000000   Number         0  entry.o ABSOLUTE
    ../clib/microlib/init/entry.s            0x00000000   Number         0  entry9a.o ABSOLUTE
    ../clib/microlib/init/entry.s            0x00000000   Number         0  entry8b.o ABSOLUTE
    ../clib/microlib/init/entry.s            0x00000000   Number         0  entry8a.o ABSOLUTE
    ../clib/microlib/init/entry.s            0x00000000   Number         0  entry5.o ABSOLUTE
    ../clib/microlib/init/entry.s            0x00000000   Number         0  entry7b.o ABSOLUTE
    ../clib/microlib/init/entry.s            0x00000000   Number         0  entry7a.o ABSOLUTE
    ../clib/microlib/init/entry.s            0x00000000   Number         0  entry2.o ABSOLUTE
    ../clib/microlib/longlong.c              0x00000000   Number         0  llushr.o ABSOLUTE
    ../clib/microlib/longlong.c              0x00000000   Number         0  llshl.o ABSOLUTE
    ../clib/microlib/stubs.s                 0x00000000   Number         0  iusefp.o ABSOLUTE
    ../fplib/microlib/fpdiv.c                0x00000000   Number         0  ddiv.o ABSOLUTE
    ../fplib/microlib/fpepilogue.c           0x00000000   Number         0  depilogue.o ABSOLUTE
    ../fplib/microlib/fpfix.c                0x00000000   Number         0  dfixui.o ABSOLUTE
    ../fplib/microlib/fpflt.c                0x00000000   Number         0  dfltui.o ABSOLUTE
    ../fplib/microlib/fpmul.c                0x00000000   Number         0  dmul.o ABSOLUTE
    ..\App\LCD12864.c                        0x00000000   Number         0  lcd12864.o ABSOLUTE
    ..\App\PWM.c                             0x00000000   Number         0  pwm.o ABSOLUTE
    ..\App\adc.c                             0x00000000   Number         0  adc.o ABSOLUTE
    ..\App\adjust.c                          0x00000000   Number         0  adjust.o ABSOLUTE
    ..\App\keypad.c                          0x00000000   Number         0  keypad.o ABSOLUTE
    ..\App\main.c                            0x00000000   Number         0  main.o ABSOLUTE
    ..\App\motor.c                           0x00000000   Number         0  motor.o ABSOLUTE
    ..\App\operate.c                         0x00000000   Number         0  operate.o ABSOLUTE
    ..\App\stm32f10x_it.c                    0x00000000   Number         0  stm32f10x_it.o ABSOLUTE
    ..\Bsp\bsp.c                             0x00000000   Number         0  bsp.o ABSOLUTE
    ..\Libraries\CMSIS\core_cm3.c            0x00000000   Number         0  core_cm3.o ABSOLUTE
    ..\Libraries\CMSIS\system_stm32f10x.c    0x00000000   Number         0  system_stm32f10x.o ABSOLUTE
    ..\Libraries\STM32F10x_StdPeriph_Driver\src\misc.c 0x00000000   Number         0  misc.o ABSOLUTE
    ..\Libraries\STM32F10x_StdPeriph_Driver\src\stm32f10x_adc.c 0x00000000   Number         0  stm32f10x_adc.o ABSOLUTE
    ..\Libraries\STM32F10x_StdPeriph_Driver\src\stm32f10x_bkp.c 0x00000000   Number         0  stm32f10x_bkp.o ABSOLUTE
    ..\Libraries\STM32F10x_StdPeriph_Driver\src\stm32f10x_can.c 0x00000000   Number         0  stm32f10x_can.o ABSOLUTE
    ..\Libraries\STM32F10x_StdPeriph_Driver\src\stm32f10x_cec.c 0x00000000   Number         0  stm32f10x_cec.o ABSOLUTE
    ..\Libraries\STM32F10x_StdPeriph_Driver\src\stm32f10x_crc.c 0x00000000   Number         0  stm32f10x_crc.o ABSOLUTE
    ..\Libraries\STM32F10x_StdPeriph_Driver\src\stm32f10x_dac.c 0x00000000   Number         0  stm32f10x_dac.o ABSOLUTE
    ..\Libraries\STM32F10x_StdPeriph_Driver\src\stm32f10x_dbgmcu.c 0x00000000   Number         0  stm32f10x_dbgmcu.o ABSOLUTE
    ..\Libraries\STM32F10x_StdPeriph_Driver\src\stm32f10x_dma.c 0x00000000   Number         0  stm32f10x_dma.o ABSOLUTE
    ..\Libraries\STM32F10x_StdPeriph_Driver\src\stm32f10x_exti.c 0x00000000   Number         0  stm32f10x_exti.o ABSOLUTE
    ..\Libraries\STM32F10x_StdPeriph_Driver\src\stm32f10x_flash.c 0x00000000   Number         0  stm32f10x_flash.o ABSOLUTE
    ..\Libraries\STM32F10x_StdPeriph_Driver\src\stm32f10x_fsmc.c 0x00000000   Number         0  stm32f10x_fsmc.o ABSOLUTE
    ..\Libraries\STM32F10x_StdPeriph_Driver\src\stm32f10x_gpio.c 0x00000000   Number         0  stm32f10x_gpio.o ABSOLUTE
    ..\Libraries\STM32F10x_StdPeriph_Driver\src\stm32f10x_i2c.c 0x00000000   Number         0  stm32f10x_i2c.o ABSOLUTE
    ..\Libraries\STM32F10x_StdPeriph_Driver\src\stm32f10x_iwdg.c 0x00000000   Number         0  stm32f10x_iwdg.o ABSOLUTE
    ..\Libraries\STM32F10x_StdPeriph_Driver\src\stm32f10x_pwr.c 0x00000000   Number         0  stm32f10x_pwr.o ABSOLUTE
    ..\Libraries\STM32F10x_StdPeriph_Driver\src\stm32f10x_rcc.c 0x00000000   Number         0  stm32f10x_rcc.o ABSOLUTE
    ..\Libraries\STM32F10x_StdPeriph_Driver\src\stm32f10x_rtc.c 0x00000000   Number         0  stm32f10x_rtc.o ABSOLUTE
    ..\Libraries\STM32F10x_StdPeriph_Driver\src\stm32f10x_sdio.c 0x00000000   Number         0  stm32f10x_sdio.o ABSOLUTE
    ..\Libraries\STM32F10x_StdPeriph_Driver\src\stm32f10x_spi.c 0x00000000   Number         0  stm32f10x_spi.o ABSOLUTE
    ..\Libraries\STM32F10x_StdPeriph_Driver\src\stm32f10x_tim.c 0x00000000   Number         0  stm32f10x_tim.o ABSOLUTE
    ..\Libraries\STM32F10x_StdPeriph_Driver\src\stm32f10x_usart.c 0x00000000   Number         0  stm32f10x_usart.o ABSOLUTE
    ..\Libraries\STM32F10x_StdPeriph_Driver\src\stm32f10x_wwdg.c 0x00000000   Number         0  stm32f10x_wwdg.o ABSOLUTE
    ..\Libraries\Startup\startup_stm32f10x_hd.s 0x00000000   Number         0  startup_stm32f10x_hd.o ABSOLUTE
    ..\\Libraries\\CMSIS\\core_cm3.c         0x00000000   Number         0  core_cm3.o ABSOLUTE
    dc.s                                     0x00000000   Number         0  dc.o ABSOLUTE
    handlers.s                               0x00000000   Number         0  handlers.o ABSOLUTE
    init.s                                   0x00000000   Number         0  init.o ABSOLUTE
    RESET                                    0x08000000   Section      304  startup_stm32f10x_hd.o(RESET)
    .ARM.Collect$$$$00000000                 0x08000130   Section        0  entry.o(.ARM.Collect$$$$00000000)
    .ARM.Collect$$$$00000001                 0x08000130   Section        4  entry2.o(.ARM.Collect$$$$00000001)
    .ARM.Collect$$$$00000004                 0x08000134   Section        4  entry5.o(.ARM.Collect$$$$00000004)
    .ARM.Collect$$$$00000008                 0x08000138   Section        0  entry7b.o(.ARM.Collect$$$$00000008)
    .ARM.Collect$$$$0000000A                 0x08000138   Section        0  entry8b.o(.ARM.Collect$$$$0000000A)
    .ARM.Collect$$$$0000000B                 0x08000138   Section        8  entry9a.o(.ARM.Collect$$$$0000000B)
    .ARM.Collect$$$$0000000E                 0x08000140   Section        4  entry12b.o(.ARM.Collect$$$$0000000E)
    .ARM.Collect$$$$0000000F                 0x08000144   Section        0  entry10a.o(.ARM.Collect$$$$0000000F)
    .ARM.Collect$$$$00000011                 0x08000144   Section        0  entry11a.o(.ARM.Collect$$$$00000011)
    .ARM.Collect$$$$00002712                 0x08000144   Section        4  entry2.o(.ARM.Collect$$$$00002712)
    __lit__00000000                          0x08000144   Data           4  entry2.o(.ARM.Collect$$$$00002712)
    .text                                    0x08000148   Section       36  startup_stm32f10x_hd.o(.text)
    .text                                    0x0800016c   Section        0  main.o(.text)
    .text                                    0x08000290   Section        0  stm32f10x_it.o(.text)
    .text                                    0x080002dc   Section        0  lcd12864.o(.text)
    .text                                    0x08001f5c   Section        0  keypad.o(.text)
    .text                                    0x08002048   Section        0  adc.o(.text)
    .text                                    0x080023f4   Section        0  pwm.o(.text)
    .text                                    0x080029e8   Section        0  motor.o(.text)
    .text                                    0x080034b0   Section        0  operate.o(.text)
    .text                                    0x08004344   Section        0  adjust.o(.text)
    .text                                    0x080048a4   Section        0  bsp.o(.text)
    .text                                    0x08004eac   Section        0  system_stm32f10x.o(.text)
    SetSysClockTo72                          0x08004ead   Thumb Code   214  system_stm32f10x.o(.text)
    SetSysClock                              0x08004f83   Thumb Code     8  system_stm32f10x.o(.text)
    .text                                    0x0800508c   Section        0  misc.o(.text)
    .text                                    0x08005168   Section        0  stm32f10x_adc.o(.text)
    .text                                    0x080055b8   Section        0  stm32f10x_dma.o(.text)
    .text                                    0x0800580c   Section        0  stm32f10x_flash.o(.text)
    .text                                    0x08005dc8   Section        0  stm32f10x_gpio.o(.text)
    .text                                    0x08006124   Section        0  stm32f10x_rcc.o(.text)
    .text                                    0x080064c8   Section        0  stm32f10x_tim.o(.text)
    TI4_Config                               0x0800696f   Thumb Code   130  stm32f10x_tim.o(.text)
    TI3_Config                               0x08006a03   Thumb Code   122  stm32f10x_tim.o(.text)
    TI2_Config                               0x08006a97   Thumb Code   130  stm32f10x_tim.o(.text)
    TI1_Config                               0x08006b2b   Thumb Code   108  stm32f10x_tim.o(.text)
    .text                                    0x080072e4   Section        0  stm32f10x_usart.o(.text)
    .text                                    0x080076ec   Section        0  dmul.o(.text)
    .text                                    0x080077d0   Section        0  ddiv.o(.text)
    .text                                    0x080078ae   Section        0  dfltui.o(.text)
    .text                                    0x080078c8   Section        0  dfixui.o(.text)
    .text                                    0x080078fa   Section        0  llushr.o(.text)
    .text                                    0x0800791a   Section        0  iusefp.o(.text)
    .text                                    0x0800791a   Section        0  depilogue.o(.text)
    .text                                    0x080079d4   Section       36  init.o(.text)
    .text                                    0x080079f8   Section        0  llshl.o(.text)
    .text                                    0x08007a16   Section        0  __dczerorl2.o(.text)
    i.__scatterload_copy                     0x08007a6c   Section       14  handlers.o(i.__scatterload_copy)
    i.__scatterload_null                     0x08007a7a   Section        2  handlers.o(i.__scatterload_null)
    i.__scatterload_zeroinit                 0x08007a7c   Section       14  handlers.o(i.__scatterload_zeroinit)
    .data                                    0x20000000   Section      344  lcd12864.o(.data)
    .data                                    0x20000158   Section       16  keypad.o(.data)
    .data                                    0x20000168   Section       36  adc.o(.data)
    m                                        0x20000188   Data           4  adc.o(.data)
    .data                                    0x2000018c   Section       16  pwm.o(.data)
    .data                                    0x2000019c   Section      200  motor.o(.data)
    .data                                    0x20000264   Section       17  bsp.o(.data)
    RDatNum                                  0x20000274   Data           1  bsp.o(.data)
    .data                                    0x20000278   Section       20  system_stm32f10x.o(.data)
    .data                                    0x2000028c   Section       20  stm32f10x_rcc.o(.data)
    APBAHBPrescTable                         0x2000028c   Data          16  stm32f10x_rcc.o(.data)
    ADCPrescTable                            0x2000029c   Data           4  stm32f10x_rcc.o(.data)
    .bss                                     0x200002a0   Section       64  adc.o(.bss)
    .bss                                     0x200002e0   Section      208  motor.o(.bss)
    .bss                                     0x200003b0   Section       24  bsp.o(.bss)
    STACK                                    0x200003c8   Section     1024  startup_stm32f10x_hd.o(STACK)

    Global Symbols

    Symbol Name                              Value     Ov Type        Size  Object(Section)

    BuildAttributes$$THM_ISAv4$P$D$K$B$S$PE$A:L22UL41UL21$X:L11$S22US41US21$IEEE1$IW$USESV6$~STKCKD$USESV7$~SHL$OSPACE$ROPI$EBA8$MICROLIB$REQ8$PRES8$EABIv2 0x00000000   Number         0  anon$$obj.o ABSOLUTE
    __ARM_use_no_argv                        0x00000000   Number         0  main.o ABSOLUTE
    __arm_fini_                               - Undefined Weak Reference
    __cpp_initialize__aeabi_                  - Undefined Weak Reference
    __cxa_finalize                            - Undefined Weak Reference
    _clock_init                               - Undefined Weak Reference
    _microlib_exit                            - Undefined Weak Reference
    __Vectors_Size                           0x00000130   Number         0  startup_stm32f10x_hd.o ABSOLUTE
    __Vectors                                0x08000000   Data           4  startup_stm32f10x_hd.o(RESET)
    __Vectors_End                            0x08000130   Data           0  startup_stm32f10x_hd.o(RESET)
    __main                                   0x08000131   Thumb Code     0  entry.o(.ARM.Collect$$$$00000000)
    _main_stk                                0x08000131   Thumb Code     0  entry2.o(.ARM.Collect$$$$00000001)
    _main_scatterload                        0x08000135   Thumb Code     0  entry5.o(.ARM.Collect$$$$00000004)
    __main_after_scatterload                 0x08000139   Thumb Code     0  entry5.o(.ARM.Collect$$$$00000004)
    _main_clock                              0x08000139   Thumb Code     0  entry7b.o(.ARM.Collect$$$$00000008)
    _main_cpp_init                           0x08000139   Thumb Code     0  entry8b.o(.ARM.Collect$$$$0000000A)
    _main_init                               0x08000139   Thumb Code     0  entry9a.o(.ARM.Collect$$$$0000000B)
    __rt_lib_shutdown_fini                   0x08000141   Thumb Code     0  entry12b.o(.ARM.Collect$$$$0000000E)
    __rt_final_cpp                           0x08000145   Thumb Code     0  entry10a.o(.ARM.Collect$$$$0000000F)
    __rt_final_exit                          0x08000145   Thumb Code     0  entry11a.o(.ARM.Collect$$$$00000011)
    Reset_Handler                            0x08000149   Thumb Code     8  startup_stm32f10x_hd.o(.text)
    ADC1_2_IRQHandler                        0x08000163   Thumb Code     0  startup_stm32f10x_hd.o(.text)
    ADC3_IRQHandler                          0x08000163   Thumb Code     0  startup_stm32f10x_hd.o(.text)
    CAN1_RX1_IRQHandler                      0x08000163   Thumb Code     0  startup_stm32f10x_hd.o(.text)
    CAN1_SCE_IRQHandler                      0x08000163   Thumb Code     0  startup_stm32f10x_hd.o(.text)
    DMA1_Channel2_IRQHandler                 0x08000163   Thumb Code     0  startup_stm32f10x_hd.o(.text)
    DMA1_Channel3_IRQHandler                 0x08000163   Thumb Code     0  startup_stm32f10x_hd.o(.text)
    DMA1_Channel4_IRQHandler                 0x08000163   Thumb Code     0  startup_stm32f10x_hd.o(.text)
    DMA1_Channel5_IRQHandler                 0x08000163   Thumb Code     0  startup_stm32f10x_hd.o(.text)
    DMA1_Channel6_IRQHandler                 0x08000163   Thumb Code     0  startup_stm32f10x_hd.o(.text)
    DMA1_Channel7_IRQHandler                 0x08000163   Thumb Code     0  startup_stm32f10x_hd.o(.text)
    DMA2_Channel1_IRQHandler                 0x08000163   Thumb Code     0  startup_stm32f10x_hd.o(.text)
    DMA2_Channel2_IRQHandler                 0x08000163   Thumb Code     0  startup_stm32f10x_hd.o(.text)
    DMA2_Channel3_IRQHandler                 0x08000163   Thumb Code     0  startup_stm32f10x_hd.o(.text)
    DMA2_Channel4_5_IRQHandler               0x08000163   Thumb Code     0  startup_stm32f10x_hd.o(.text)
    EXTI0_IRQHandler                         0x08000163   Thumb Code     0  startup_stm32f10x_hd.o(.text)
    EXTI15_10_IRQHandler                     0x08000163   Thumb Code     0  startup_stm32f10x_hd.o(.text)
    EXTI1_IRQHandler                         0x08000163   Thumb Code     0  startup_stm32f10x_hd.o(.text)
    EXTI2_IRQHandler                         0x08000163   Thumb Code     0  startup_stm32f10x_hd.o(.text)
    EXTI3_IRQHandler                         0x08000163   Thumb Code     0  startup_stm32f10x_hd.o(.text)
    EXTI4_IRQHandler                         0x08000163   Thumb Code     0  startup_stm32f10x_hd.o(.text)
    EXTI9_5_IRQHandler                       0x08000163   Thumb Code     0  startup_stm32f10x_hd.o(.text)
    FLASH_IRQHandler                         0x08000163   Thumb Code     0  startup_stm32f10x_hd.o(.text)
    FSMC_IRQHandler                          0x08000163   Thumb Code     0  startup_stm32f10x_hd.o(.text)
    I2C1_ER_IRQHandler                       0x08000163   Thumb Code     0  startup_stm32f10x_hd.o(.text)
    I2C1_EV_IRQHandler                       0x08000163   Thumb Code     0  startup_stm32f10x_hd.o(.text)
    I2C2_ER_IRQHandler                       0x08000163   Thumb Code     0  startup_stm32f10x_hd.o(.text)
    I2C2_EV_IRQHandler                       0x08000163   Thumb Code     0  startup_stm32f10x_hd.o(.text)
    PVD_IRQHandler                           0x08000163   Thumb Code     0  startup_stm32f10x_hd.o(.text)
    RCC_IRQHandler                           0x08000163   Thumb Code     0  startup_stm32f10x_hd.o(.text)
    RTCAlarm_IRQHandler                      0x08000163   Thumb Code     0  startup_stm32f10x_hd.o(.text)
    RTC_IRQHandler                           0x08000163   Thumb Code     0  startup_stm32f10x_hd.o(.text)
    SDIO_IRQHandler                          0x08000163   Thumb Code     0  startup_stm32f10x_hd.o(.text)
    SPI1_IRQHandler                          0x08000163   Thumb Code     0  startup_stm32f10x_hd.o(.text)
    SPI2_IRQHandler                          0x08000163   Thumb Code     0  startup_stm32f10x_hd.o(.text)
    SPI3_IRQHandler                          0x08000163   Thumb Code     0  startup_stm32f10x_hd.o(.text)
    TAMPER_IRQHandler                        0x08000163   Thumb Code     0  startup_stm32f10x_hd.o(.text)
    TIM1_BRK_IRQHandler                      0x08000163   Thumb Code     0  startup_stm32f10x_hd.o(.text)
    TIM1_CC_IRQHandler                       0x08000163   Thumb Code     0  startup_stm32f10x_hd.o(.text)
    TIM1_TRG_COM_IRQHandler                  0x08000163   Thumb Code     0  startup_stm32f10x_hd.o(.text)
    TIM1_UP_IRQHandler                       0x08000163   Thumb Code     0  startup_stm32f10x_hd.o(.text)
    TIM4_IRQHandler                          0x08000163   Thumb Code     0  startup_stm32f10x_hd.o(.text)
    TIM6_IRQHandler                          0x08000163   Thumb Code     0  startup_stm32f10x_hd.o(.text)
    TIM7_IRQHandler                          0x08000163   Thumb Code     0  startup_stm32f10x_hd.o(.text)
    TIM8_BRK_IRQHandler                      0x08000163   Thumb Code     0  startup_stm32f10x_hd.o(.text)
    TIM8_CC_IRQHandler                       0x08000163   Thumb Code     0  startup_stm32f10x_hd.o(.text)
    TIM8_TRG_COM_IRQHandler                  0x08000163   Thumb Code     0  startup_stm32f10x_hd.o(.text)
    TIM8_UP_IRQHandler                       0x08000163   Thumb Code     0  startup_stm32f10x_hd.o(.text)
    USART1_IRQHandler                        0x08000163   Thumb Code     0  startup_stm32f10x_hd.o(.text)
    USART2_IRQHandler                        0x08000163   Thumb Code     0  startup_stm32f10x_hd.o(.text)
    USART3_IRQHandler                        0x08000163   Thumb Code     0  startup_stm32f10x_hd.o(.text)
    USBWakeUp_IRQHandler                     0x08000163   Thumb Code     0  startup_stm32f10x_hd.o(.text)
    USB_HP_CAN1_TX_IRQHandler                0x08000163   Thumb Code     0  startup_stm32f10x_hd.o(.text)
    USB_LP_CAN1_RX0_IRQHandler               0x08000163   Thumb Code     0  startup_stm32f10x_hd.o(.text)
    WWDG_IRQHandler                          0x08000163   Thumb Code     0  startup_stm32f10x_hd.o(.text)
    main                                     0x0800016d   Thumb Code   262  main.o(.text)
    NMI_Handler                              0x08000291   Thumb Code     2  stm32f10x_it.o(.text)
    HardFault_Handler                        0x08000293   Thumb Code     4  stm32f10x_it.o(.text)
    MemManage_Handler                        0x08000297   Thumb Code     4  stm32f10x_it.o(.text)
    BusFault_Handler                         0x0800029b   Thumb Code     4  stm32f10x_it.o(.text)
    UsageFault_Handler                       0x0800029f   Thumb Code     4  stm32f10x_it.o(.text)
    SVC_Handler                              0x080002a3   Thumb Code     2  stm32f10x_it.o(.text)
    DebugMon_Handler                         0x080002a5   Thumb Code     2  stm32f10x_it.o(.text)
    PendSV_Handler                           0x080002a7   Thumb Code     2  stm32f10x_it.o(.text)
    SysTick_Handler                          0x080002a9   Thumb Code     8  stm32f10x_it.o(.text)
    UART5_IRQHandler                         0x080002b1   Thumb Code    38  stm32f10x_it.o(.text)
    GPIO_12864_initout                       0x080002dd   Thumb Code    62  lcd12864.o(.text)
    GPIO_12864_initin                        0x0800031b   Thumb Code    32  lcd12864.o(.text)
    LCD_Busy                                 0x0800033b   Thumb Code    70  lcd12864.o(.text)
    LCD_WriteCommand                         0x08000381   Thumb Code    98  lcd12864.o(.text)
    LCD_WriteData                            0x080003e3   Thumb Code    92  lcd12864.o(.text)
    LCD_Init                                 0x0800043f   Thumb Code    84  lcd12864.o(.text)
    LCD_Position                             0x08000493   Thumb Code    48  lcd12864.o(.text)
    LCD_Flash                                0x080004c3   Thumb Code    96  lcd12864.o(.text)
    LCD_Clear_Screen                         0x08000523   Thumb Code    40  lcd12864.o(.text)
    LCD_Char_Display                         0x0800054b   Thumb Code   120  lcd12864.o(.text)
    Photo_Display                            0x080005c3   Thumb Code   126  lcd12864.o(.text)
    img_disp                                 0x08000641   Thumb Code   168  lcd12864.o(.text)
    lcd_read_data                            0x080006e9   Thumb Code    84  lcd12864.o(.text)
    lcd_draw_dot                             0x0800073d   Thumb Code   250  lcd12864.o(.text)
    clear_dot                                0x08000837   Thumb Code   248  lcd12864.o(.text)
    clear_gdram                              0x0800092f   Thumb Code    72  lcd12864.o(.text)
    LCD_Display_Fresh                        0x08000977   Thumb Code  5554  lcd12864.o(.text)
    MOOD_X                                   0x08001f29   Thumb Code    24  lcd12864.o(.text)
    Check_Key                                0x08001f5d   Thumb Code   116  keypad.o(.text)
    Key_Event                                0x08001fd1   Thumb Code   100  keypad.o(.text)
    delay                                    0x08002049   Thumb Code    22  adc.o(.text)
    GPIO_Configuration                       0x0800205f   Thumb Code    32  adc.o(.text)
    TIM5_Configuration                       0x0800207f   Thumb Code    60  adc.o(.text)
    NVIC_Configuration                       0x080020bb   Thumb Code    66  adc.o(.text)
    ADC_Configuration                        0x080020fd   Thumb Code   282  adc.o(.text)
    TIM5_IRQHandler                          0x08002217   Thumb Code    42  adc.o(.text)
    DMA1_Channel1_IRQHandler                 0x08002241   Thumb Code   340  adc.o(.text)
    TIM1_PWM_Init                            0x080023f5   Thumb Code   368  pwm.o(.text)
    TIM2_12864_Init                          0x08002565   Thumb Code   102  pwm.o(.text)
    TIM2_IRQHandler                          0x080025cb   Thumb Code    42  pwm.o(.text)
    TIM3_Cap_Init                            0x080025f5   Thumb Code   204  pwm.o(.text)
    TIM3_IRQHandler                          0x080026c1   Thumb Code   482  pwm.o(.text)
    TIM4_PWM_Init                            0x080028a3   Thumb Code   284  pwm.o(.text)
    Motor_Run                                0x080029e9   Thumb Code   300  motor.o(.text)
    MOTOR_Set                                0x08002b15   Thumb Code  2396  motor.o(.text)
    Set0_Home                                0x080034b1   Thumb Code   266  operate.o(.text)
    Set2_Hand                                0x080035bb   Thumb Code  1234  operate.o(.text)
    Set3_Auto                                0x08003a8d   Thumb Code  1278  operate.o(.text)
    Area_Init                                0x08003f8b   Thumb Code    66  operate.o(.text)
    Set1_Area                                0x08003fcd   Thumb Code   844  operate.o(.text)
    Flash_eepromIn                           0x08004345   Thumb Code   130  adjust.o(.text)
    Flash_Init                               0x080043c7   Thumb Code   102  adjust.o(.text)
    Set4_Adjust                              0x0800442d   Thumb Code  1110  adjust.o(.text)
    BSP_EXTI_Configuration                   0x080048a5   Thumb Code    40  bsp.o(.text)
    BSP_GPIO_Configuration                   0x080048cd   Thumb Code   178  bsp.o(.text)
    BSP_RCC_Configuration                    0x0800497f   Thumb Code    40  bsp.o(.text)
    BSP_Configuration                        0x080049a7   Thumb Code    16  bsp.o(.text)
    BSP_USART_Configuration                  0x080049b7   Thumb Code    76  bsp.o(.text)
    BSP_USART_OUT                            0x08004a03   Thumb Code    48  bsp.o(.text)
    UART4_IRQHandler                         0x08004a33   Thumb Code   868  bsp.o(.text)
    Delay                                    0x08004d97   Thumb Code    20  bsp.o(.text)
    Alarm_Ctrl                               0x08004dab   Thumb Code    32  bsp.o(.text)
    key_scan                                 0x08004dcb   Thumb Code   132  bsp.o(.text)
    TimingDelay_Decrement                    0x08004e4f   Thumb Code    18  bsp.o(.text)
    SystemInit                               0x08004f8b   Thumb Code    78  system_stm32f10x.o(.text)
    SystemCoreClockUpdate                    0x08004fd9   Thumb Code   142  system_stm32f10x.o(.text)
    NVIC_PriorityGroupConfig                 0x0800508d   Thumb Code    10  misc.o(.text)
    NVIC_Init                                0x08005097   Thumb Code   100  misc.o(.text)
    NVIC_SetVectorTable                      0x080050fb   Thumb Code    14  misc.o(.text)
    NVIC_SystemLPConfig                      0x08005109   Thumb Code    34  misc.o(.text)
    SysTick_CLKSourceConfig                  0x0800512b   Thumb Code    40  misc.o(.text)
    ADC_DeInit                               0x08005169   Thumb Code    78  stm32f10x_adc.o(.text)
    ADC_Init                                 0x080051b7   Thumb Code    70  stm32f10x_adc.o(.text)
    ADC_StructInit                           0x080051fd   Thumb Code    18  stm32f10x_adc.o(.text)
    ADC_Cmd                                  0x0800520f   Thumb Code    22  stm32f10x_adc.o(.text)
    ADC_DMACmd                               0x08005225   Thumb Code    22  stm32f10x_adc.o(.text)
    ADC_ITConfig                             0x0800523b   Thumb Code    24  stm32f10x_adc.o(.text)
    ADC_ResetCalibration                     0x08005253   Thumb Code    10  stm32f10x_adc.o(.text)
    ADC_GetResetCalibrationStatus            0x0800525d   Thumb Code    20  stm32f10x_adc.o(.text)
    ADC_StartCalibration                     0x08005271   Thumb Code    10  stm32f10x_adc.o(.text)
    ADC_GetCalibrationStatus                 0x0800527b   Thumb Code    20  stm32f10x_adc.o(.text)
    ADC_SoftwareStartConvCmd                 0x0800528f   Thumb Code    22  stm32f10x_adc.o(.text)
    ADC_GetSoftwareStartConvStatus           0x080052a5   Thumb Code    20  stm32f10x_adc.o(.text)
    ADC_DiscModeChannelCountConfig           0x080052b9   Thumb Code    24  stm32f10x_adc.o(.text)
    ADC_DiscModeCmd                          0x080052d1   Thumb Code    22  stm32f10x_adc.o(.text)
    ADC_RegularChannelConfig                 0x080052e7   Thumb Code   184  stm32f10x_adc.o(.text)
    ADC_ExternalTrigConvCmd                  0x0800539f   Thumb Code    22  stm32f10x_adc.o(.text)
    ADC_GetConversionValue                   0x080053b5   Thumb Code     8  stm32f10x_adc.o(.text)
    ADC_GetDualModeConversionValue           0x080053bd   Thumb Code     8  stm32f10x_adc.o(.text)
    ADC_AutoInjectedConvCmd                  0x080053c5   Thumb Code    22  stm32f10x_adc.o(.text)
    ADC_InjectedDiscModeCmd                  0x080053db   Thumb Code    22  stm32f10x_adc.o(.text)
    ADC_ExternalTrigInjectedConvConfig       0x080053f1   Thumb Code    16  stm32f10x_adc.o(.text)
    ADC_ExternalTrigInjectedConvCmd          0x08005401   Thumb Code    22  stm32f10x_adc.o(.text)
    ADC_SoftwareStartInjectedConvCmd         0x08005417   Thumb Code    22  stm32f10x_adc.o(.text)
    ADC_GetSoftwareStartInjectedConvCmdStatus 0x0800542d   Thumb Code    20  stm32f10x_adc.o(.text)
    ADC_InjectedChannelConfig                0x08005441   Thumb Code   130  stm32f10x_adc.o(.text)
    ADC_InjectedSequencerLengthConfig        0x080054c3   Thumb Code    24  stm32f10x_adc.o(.text)
    ADC_SetInjectedOffset                    0x080054db   Thumb Code    20  stm32f10x_adc.o(.text)
    ADC_GetInjectedConversionValue           0x080054ef   Thumb Code    28  stm32f10x_adc.o(.text)
    ADC_AnalogWatchdogCmd                    0x0800550b   Thumb Code    16  stm32f10x_adc.o(.text)
    ADC_AnalogWatchdogThresholdsConfig       0x0800551b   Thumb Code     6  stm32f10x_adc.o(.text)
    ADC_AnalogWatchdogSingleChannelConfig    0x08005521   Thumb Code    16  stm32f10x_adc.o(.text)
    ADC_TempSensorVrefintCmd                 0x08005531   Thumb Code    64  stm32f10x_adc.o(.text)
    ADC_GetFlagStatus                        0x08005571   Thumb Code    18  stm32f10x_adc.o(.text)
    ADC_ClearFlag                            0x08005583   Thumb Code     6  stm32f10x_adc.o(.text)
    ADC_GetITStatus                          0x08005589   Thumb Code    36  stm32f10x_adc.o(.text)
    ADC_ClearITPendingBit                    0x080055ad   Thumb Code    10  stm32f10x_adc.o(.text)
    DMA_DeInit                               0x080055b9   Thumb Code   324  stm32f10x_dma.o(.text)
    DMA_Init                                 0x080056fd   Thumb Code    60  stm32f10x_dma.o(.text)
    DMA_StructInit                           0x08005739   Thumb Code    26  stm32f10x_dma.o(.text)
    DMA_Cmd                                  0x08005753   Thumb Code    24  stm32f10x_dma.o(.text)
    DMA_ITConfig                             0x0800576b   Thumb Code    18  stm32f10x_dma.o(.text)
    DMA_SetCurrDataCounter                   0x0800577d   Thumb Code     4  stm32f10x_dma.o(.text)
    DMA_GetCurrDataCounter                   0x08005781   Thumb Code     8  stm32f10x_dma.o(.text)
    DMA_GetFlagStatus                        0x08005789   Thumb Code    40  stm32f10x_dma.o(.text)
    DMA_ClearFlag                            0x080057b1   Thumb Code    22  stm32f10x_dma.o(.text)
    DMA_GetITStatus                          0x080057c7   Thumb Code    40  stm32f10x_dma.o(.text)
    DMA_ClearITPendingBit                    0x080057ef   Thumb Code    22  stm32f10x_dma.o(.text)
    FLASH_SetLatency                         0x0800580d   Thumb Code    18  stm32f10x_flash.o(.text)
    FLASH_HalfCycleAccessCmd                 0x0800581f   Thumb Code    22  stm32f10x_flash.o(.text)
    FLASH_PrefetchBufferCmd                  0x08005835   Thumb Code    22  stm32f10x_flash.o(.text)
    FLASH_Unlock                             0x0800584b   Thumb Code    12  stm32f10x_flash.o(.text)
    FLASH_UnlockBank1                        0x08005857   Thumb Code    12  stm32f10x_flash.o(.text)
    FLASH_Lock                               0x08005863   Thumb Code    14  stm32f10x_flash.o(.text)
    FLASH_LockBank1                          0x08005871   Thumb Code    14  stm32f10x_flash.o(.text)
    FLASH_GetBank1Status                     0x0800587f   Thumb Code    48  stm32f10x_flash.o(.text)
    FLASH_WaitForLastOperation               0x080058af   Thumb Code    38  stm32f10x_flash.o(.text)
    FLASH_ErasePage                          0x080058d5   Thumb Code    72  stm32f10x_flash.o(.text)
    FLASH_EraseAllPages                      0x0800591d   Thumb Code    68  stm32f10x_flash.o(.text)
    FLASH_WaitForLastBank1Operation          0x08005961   Thumb Code    38  stm32f10x_flash.o(.text)
    FLASH_EraseAllBank1Pages                 0x08005987   Thumb Code    68  stm32f10x_flash.o(.text)
    FLASH_GetReadOutProtectionStatus         0x080059cb   Thumb Code    20  stm32f10x_flash.o(.text)
    FLASH_EraseOptionBytes                   0x080059df   Thumb Code   150  stm32f10x_flash.o(.text)
    FLASH_ProgramWord                        0x08005a75   Thumb Code   102  stm32f10x_flash.o(.text)
    FLASH_ProgramHalfWord                    0x08005adb   Thumb Code    60  stm32f10x_flash.o(.text)
    FLASH_ProgramOptionByteData              0x08005b17   Thumb Code    72  stm32f10x_flash.o(.text)
    FLASH_EnableWriteProtection              0x08005b5f   Thumb Code   200  stm32f10x_flash.o(.text)
    FLASH_ReadOutProtection                  0x08005c27   Thumb Code   156  stm32f10x_flash.o(.text)
    FLASH_UserOptionByteConfig               0x08005cc3   Thumb Code    88  stm32f10x_flash.o(.text)
    FLASH_GetUserOptionByte                  0x08005d1b   Thumb Code     8  stm32f10x_flash.o(.text)
    FLASH_GetWriteProtectionOptionByte       0x08005d23   Thumb Code     6  stm32f10x_flash.o(.text)
    FLASH_GetPrefetchBufferStatus            0x08005d29   Thumb Code    20  stm32f10x_flash.o(.text)
    FLASH_ITConfig                           0x08005d3d   Thumb Code    26  stm32f10x_flash.o(.text)
    FLASH_GetFlagStatus                      0x08005d57   Thumb Code    42  stm32f10x_flash.o(.text)
    FLASH_ClearFlag                          0x08005d81   Thumb Code     6  stm32f10x_flash.o(.text)
    FLASH_GetStatus                          0x08005d87   Thumb Code    48  stm32f10x_flash.o(.text)
    GPIO_DeInit                              0x08005dc9   Thumb Code   172  stm32f10x_gpio.o(.text)
    GPIO_AFIODeInit                          0x08005e75   Thumb Code    20  stm32f10x_gpio.o(.text)
    GPIO_Init                                0x08005e89   Thumb Code   278  stm32f10x_gpio.o(.text)
    GPIO_StructInit                          0x08005f9f   Thumb Code    16  stm32f10x_gpio.o(.text)
    GPIO_ReadInputDataBit                    0x08005faf   Thumb Code    18  stm32f10x_gpio.o(.text)
    GPIO_ReadInputData                       0x08005fc1   Thumb Code     8  stm32f10x_gpio.o(.text)
    GPIO_ReadOutputDataBit                   0x08005fc9   Thumb Code    18  stm32f10x_gpio.o(.text)
    GPIO_ReadOutputData                      0x08005fdb   Thumb Code     8  stm32f10x_gpio.o(.text)
    GPIO_SetBits                             0x08005fe3   Thumb Code     4  stm32f10x_gpio.o(.text)
    GPIO_ResetBits                           0x08005fe7   Thumb Code     4  stm32f10x_gpio.o(.text)
    GPIO_WriteBit                            0x08005feb   Thumb Code    10  stm32f10x_gpio.o(.text)
    GPIO_Write                               0x08005ff5   Thumb Code     4  stm32f10x_gpio.o(.text)
    GPIO_PinLockConfig                       0x08005ff9   Thumb Code    18  stm32f10x_gpio.o(.text)
    GPIO_EventOutputConfig                   0x0800600b   Thumb Code    26  stm32f10x_gpio.o(.text)
    GPIO_EventOutputCmd                      0x08006025   Thumb Code     6  stm32f10x_gpio.o(.text)
    GPIO_PinRemapConfig                      0x0800602b   Thumb Code   138  stm32f10x_gpio.o(.text)
    GPIO_EXTILineConfig                      0x080060b5   Thumb Code    66  stm32f10x_gpio.o(.text)
    GPIO_ETH_MediaInterfaceConfig            0x080060f7   Thumb Code     8  stm32f10x_gpio.o(.text)
    RCC_DeInit                               0x08006125   Thumb Code    64  stm32f10x_rcc.o(.text)
    RCC_HSEConfig                            0x08006165   Thumb Code    70  stm32f10x_rcc.o(.text)
    RCC_GetFlagStatus                        0x080061ab   Thumb Code    56  stm32f10x_rcc.o(.text)
    RCC_WaitForHSEStartUp                    0x080061e3   Thumb Code    56  stm32f10x_rcc.o(.text)
    RCC_AdjustHSICalibrationValue            0x0800621b   Thumb Code    20  stm32f10x_rcc.o(.text)
    RCC_HSICmd                               0x0800622f   Thumb Code     6  stm32f10x_rcc.o(.text)
    RCC_PLLConfig                            0x08006235   Thumb Code    24  stm32f10x_rcc.o(.text)
    RCC_PLLCmd                               0x0800624d   Thumb Code     6  stm32f10x_rcc.o(.text)
    RCC_SYSCLKConfig                         0x08006253   Thumb Code    18  stm32f10x_rcc.o(.text)
    RCC_GetSYSCLKSource                      0x08006265   Thumb Code    10  stm32f10x_rcc.o(.text)
    RCC_HCLKConfig                           0x0800626f   Thumb Code    18  stm32f10x_rcc.o(.text)
    RCC_PCLK1Config                          0x08006281   Thumb Code    18  stm32f10x_rcc.o(.text)
    RCC_PCLK2Config                          0x08006293   Thumb Code    20  stm32f10x_rcc.o(.text)
    RCC_ITConfig                             0x080062a7   Thumb Code    26  stm32f10x_rcc.o(.text)
    RCC_USBCLKConfig                         0x080062c1   Thumb Code     8  stm32f10x_rcc.o(.text)
    RCC_ADCCLKConfig                         0x080062c9   Thumb Code    18  stm32f10x_rcc.o(.text)
    RCC_LSEConfig                            0x080062db   Thumb Code    50  stm32f10x_rcc.o(.text)
    RCC_LSICmd                               0x0800630d   Thumb Code     6  stm32f10x_rcc.o(.text)
    RCC_RTCCLKConfig                         0x08006313   Thumb Code    12  stm32f10x_rcc.o(.text)
    RCC_RTCCLKCmd                            0x0800631f   Thumb Code     8  stm32f10x_rcc.o(.text)
    RCC_GetClocksFreq                        0x08006327   Thumb Code   192  stm32f10x_rcc.o(.text)
    RCC_AHBPeriphClockCmd                    0x080063e7   Thumb Code    26  stm32f10x_rcc.o(.text)
    RCC_APB2PeriphClockCmd                   0x08006401   Thumb Code    26  stm32f10x_rcc.o(.text)
    RCC_APB1PeriphClockCmd                   0x0800641b   Thumb Code    26  stm32f10x_rcc.o(.text)
    RCC_APB2PeriphResetCmd                   0x08006435   Thumb Code    26  stm32f10x_rcc.o(.text)
    RCC_APB1PeriphResetCmd                   0x0800644f   Thumb Code    26  stm32f10x_rcc.o(.text)
    RCC_BackupResetCmd                       0x08006469   Thumb Code     8  stm32f10x_rcc.o(.text)
    RCC_ClockSecuritySystemCmd               0x08006471   Thumb Code     6  stm32f10x_rcc.o(.text)
    RCC_MCOConfig                            0x08006477   Thumb Code     6  stm32f10x_rcc.o(.text)
    RCC_ClearFlag                            0x0800647d   Thumb Code    14  stm32f10x_rcc.o(.text)
    RCC_GetITStatus                          0x0800648b   Thumb Code    20  stm32f10x_rcc.o(.text)
    RCC_ClearITPendingBit                    0x0800649f   Thumb Code     6  stm32f10x_rcc.o(.text)
    TIM_DeInit                               0x080064c9   Thumb Code   424  stm32f10x_tim.o(.text)
    TIM_TimeBaseInit                         0x08006671   Thumb Code   122  stm32f10x_tim.o(.text)
    TIM_OC1Init                              0x080066eb   Thumb Code   132  stm32f10x_tim.o(.text)
    TIM_OC2Init                              0x0800676f   Thumb Code   154  stm32f10x_tim.o(.text)
    TIM_OC3Init                              0x08006809   Thumb Code   150  stm32f10x_tim.o(.text)
    TIM_OC4Init                              0x0800689f   Thumb Code   182  stm32f10x_tim.o(.text)
    TIM_SetIC4Prescaler                      0x08006955   Thumb Code    26  stm32f10x_tim.o(.text)
    TIM_SetIC3Prescaler                      0x080069f1   Thumb Code    18  stm32f10x_tim.o(.text)
    TIM_SetIC2Prescaler                      0x08006a7d   Thumb Code    26  stm32f10x_tim.o(.text)
    TIM_SetIC1Prescaler                      0x08006b19   Thumb Code    18  stm32f10x_tim.o(.text)
    TIM_ICInit                               0x08006b97   Thumb Code   150  stm32f10x_tim.o(.text)
    TIM_PWMIConfig                           0x08006c2d   Thumb Code   124  stm32f10x_tim.o(.text)
    TIM_BDTRConfig                           0x08006ca9   Thumb Code    32  stm32f10x_tim.o(.text)
    TIM_TimeBaseStructInit                   0x08006cc9   Thumb Code    18  stm32f10x_tim.o(.text)
    TIM_OCStructInit                         0x08006cdb   Thumb Code    20  stm32f10x_tim.o(.text)
    TIM_ICStructInit                         0x08006cef   Thumb Code    18  stm32f10x_tim.o(.text)
    TIM_BDTRStructInit                       0x08006d01   Thumb Code    40  stm32f10x_tim.o(.text)
    TIM_Cmd                                  0x08006d29   Thumb Code    24  stm32f10x_tim.o(.text)
    TIM_CtrlPWMOutputs                       0x08006d41   Thumb Code    30  stm32f10x_tim.o(.text)
    TIM_ITConfig                             0x08006d5f   Thumb Code    18  stm32f10x_tim.o(.text)
    TIM_GenerateEvent                        0x08006d71   Thumb Code     4  stm32f10x_tim.o(.text)
    TIM_DMAConfig                            0x08006d75   Thumb Code    10  stm32f10x_tim.o(.text)
    TIM_DMACmd                               0x08006d7f   Thumb Code    18  stm32f10x_tim.o(.text)
    TIM_InternalClockConfig                  0x08006d91   Thumb Code    12  stm32f10x_tim.o(.text)
    TIM_SelectInputTrigger                   0x08006d9d   Thumb Code    18  stm32f10x_tim.o(.text)
    TIM_ITRxExternalClockConfig              0x08006daf   Thumb Code    24  stm32f10x_tim.o(.text)
    TIM_TIxExternalClockConfig               0x08006dc7   Thumb Code    62  stm32f10x_tim.o(.text)
    TIM_ETRConfig                            0x08006e05   Thumb Code    28  stm32f10x_tim.o(.text)
    TIM_ETRClockMode1Config                  0x08006e21   Thumb Code    54  stm32f10x_tim.o(.text)
    TIM_ETRClockMode2Config                  0x08006e57   Thumb Code    32  stm32f10x_tim.o(.text)
    TIM_PrescalerConfig                      0x08006e77   Thumb Code     6  stm32f10x_tim.o(.text)
    TIM_CounterModeConfig                    0x08006e7d   Thumb Code    18  stm32f10x_tim.o(.text)
    TIM_EncoderInterfaceConfig               0x08006e8f   Thumb Code    66  stm32f10x_tim.o(.text)
    TIM_ForcedOC1Config                      0x08006ed1   Thumb Code    18  stm32f10x_tim.o(.text)
    TIM_ForcedOC2Config                      0x08006ee3   Thumb Code    26  stm32f10x_tim.o(.text)
    TIM_ForcedOC3Config                      0x08006efd   Thumb Code    18  stm32f10x_tim.o(.text)
    TIM_ForcedOC4Config                      0x08006f0f   Thumb Code    26  stm32f10x_tim.o(.text)
    TIM_ARRPreloadConfig                     0x08006f29   Thumb Code    24  stm32f10x_tim.o(.text)
    TIM_SelectCOM                            0x08006f41   Thumb Code    24  stm32f10x_tim.o(.text)
    TIM_SelectCCDMA                          0x08006f59   Thumb Code    24  stm32f10x_tim.o(.text)
    TIM_CCPreloadControl                     0x08006f71   Thumb Code    24  stm32f10x_tim.o(.text)
    TIM_OC1PreloadConfig                     0x08006f89   Thumb Code    18  stm32f10x_tim.o(.text)
    TIM_OC2PreloadConfig                     0x08006f9b   Thumb Code    26  stm32f10x_tim.o(.text)
    TIM_OC3PreloadConfig                     0x08006fb5   Thumb Code    18  stm32f10x_tim.o(.text)
    TIM_OC4PreloadConfig                     0x08006fc7   Thumb Code    26  stm32f10x_tim.o(.text)
    TIM_OC1FastConfig                        0x08006fe1   Thumb Code    18  stm32f10x_tim.o(.text)
    TIM_OC2FastConfig                        0x08006ff3   Thumb Code    26  stm32f10x_tim.o(.text)
    TIM_OC3FastConfig                        0x0800700d   Thumb Code    18  stm32f10x_tim.o(.text)
    TIM_OC4FastConfig                        0x0800701f   Thumb Code    26  stm32f10x_tim.o(.text)
    TIM_ClearOC1Ref                          0x08007039   Thumb Code    18  stm32f10x_tim.o(.text)
    TIM_ClearOC2Ref                          0x0800704b   Thumb Code    24  stm32f10x_tim.o(.text)
    TIM_ClearOC3Ref                          0x08007063   Thumb Code    18  stm32f10x_tim.o(.text)
    TIM_ClearOC4Ref                          0x08007075   Thumb Code    24  stm32f10x_tim.o(.text)
    TIM_OC1PolarityConfig                    0x0800708d   Thumb Code    18  stm32f10x_tim.o(.text)
    TIM_OC1NPolarityConfig                   0x0800709f   Thumb Code    18  stm32f10x_tim.o(.text)
    TIM_OC2PolarityConfig                    0x080070b1   Thumb Code    26  stm32f10x_tim.o(.text)
    TIM_OC2NPolarityConfig                   0x080070cb   Thumb Code    26  stm32f10x_tim.o(.text)
    TIM_OC3PolarityConfig                    0x080070e5   Thumb Code    26  stm32f10x_tim.o(.text)
    TIM_OC3NPolarityConfig                   0x080070ff   Thumb Code    26  stm32f10x_tim.o(.text)
    TIM_OC4PolarityConfig                    0x08007119   Thumb Code    26  stm32f10x_tim.o(.text)
    TIM_CCxCmd                               0x08007133   Thumb Code    30  stm32f10x_tim.o(.text)
    TIM_CCxNCmd                              0x08007151   Thumb Code    30  stm32f10x_tim.o(.text)
    TIM_SelectOCxM                           0x0800716f   Thumb Code    82  stm32f10x_tim.o(.text)
    TIM_UpdateDisableConfig                  0x080071c1   Thumb Code    24  stm32f10x_tim.o(.text)
    TIM_UpdateRequestConfig                  0x080071d9   Thumb Code    24  stm32f10x_tim.o(.text)
    TIM_SelectHallSensor                     0x080071f1   Thumb Code    24  stm32f10x_tim.o(.text)
    TIM_SelectOnePulseMode                   0x08007209   Thumb Code    18  stm32f10x_tim.o(.text)
    TIM_SelectOutputTrigger                  0x0800721b   Thumb Code    18  stm32f10x_tim.o(.text)
    TIM_SelectSlaveMode                      0x0800722d   Thumb Code    18  stm32f10x_tim.o(.text)
    TIM_SelectMasterSlaveMode                0x0800723f   Thumb Code    18  stm32f10x_tim.o(.text)
    TIM_SetCounter                           0x08007251   Thumb Code     4  stm32f10x_tim.o(.text)
    TIM_SetAutoreload                        0x08007255   Thumb Code     4  stm32f10x_tim.o(.text)
    TIM_SetCompare1                          0x08007259   Thumb Code     4  stm32f10x_tim.o(.text)
    TIM_SetCompare2                          0x0800725d   Thumb Code     4  stm32f10x_tim.o(.text)
    TIM_SetCompare3                          0x08007261   Thumb Code     4  stm32f10x_tim.o(.text)
    TIM_SetCompare4                          0x08007265   Thumb Code     6  stm32f10x_tim.o(.text)
    TIM_SetClockDivision                     0x0800726b   Thumb Code    18  stm32f10x_tim.o(.text)
    TIM_GetCapture1                          0x0800727d   Thumb Code     6  stm32f10x_tim.o(.text)
    TIM_GetCapture2                          0x08007283   Thumb Code     6  stm32f10x_tim.o(.text)
    TIM_GetCapture3                          0x08007289   Thumb Code     6  stm32f10x_tim.o(.text)
    TIM_GetCapture4                          0x0800728f   Thumb Code     8  stm32f10x_tim.o(.text)
    TIM_GetCounter                           0x08007297   Thumb Code     6  stm32f10x_tim.o(.text)
    TIM_GetPrescaler                         0x0800729d   Thumb Code     6  stm32f10x_tim.o(.text)
    TIM_GetFlagStatus                        0x080072a3   Thumb Code    18  stm32f10x_tim.o(.text)
    TIM_ClearFlag                            0x080072b5   Thumb Code     6  stm32f10x_tim.o(.text)
    TIM_GetITStatus                          0x080072bb   Thumb Code    34  stm32f10x_tim.o(.text)
    TIM_ClearITPendingBit                    0x080072dd   Thumb Code     6  stm32f10x_tim.o(.text)
    USART_DeInit                             0x080072e5   Thumb Code   134  stm32f10x_usart.o(.text)
    USART_Init                               0x0800736b   Thumb Code   210  stm32f10x_usart.o(.text)
    USART_StructInit                         0x0800743d   Thumb Code    24  stm32f10x_usart.o(.text)
    USART_ClockInit                          0x08007455   Thumb Code    34  stm32f10x_usart.o(.text)
    USART_ClockStructInit                    0x08007477   Thumb Code    12  stm32f10x_usart.o(.text)
    USART_Cmd                                0x08007483   Thumb Code    24  stm32f10x_usart.o(.text)
    USART_ITConfig                           0x0800749b   Thumb Code    74  stm32f10x_usart.o(.text)
    USART_DMACmd                             0x080074e5   Thumb Code    18  stm32f10x_usart.o(.text)
    USART_SetAddress                         0x080074f7   Thumb Code    18  stm32f10x_usart.o(.text)
    USART_WakeUpConfig                       0x08007509   Thumb Code    18  stm32f10x_usart.o(.text)
    USART_ReceiverWakeUpCmd                  0x0800751b   Thumb Code    24  stm32f10x_usart.o(.text)
    USART_LINBreakDetectLengthConfig         0x08007533   Thumb Code    18  stm32f10x_usart.o(.text)
    USART_LINCmd                             0x08007545   Thumb Code    24  stm32f10x_usart.o(.text)
    USART_SendData                           0x0800755d   Thumb Code     8  stm32f10x_usart.o(.text)
    USART_ReceiveData                        0x08007565   Thumb Code    10  stm32f10x_usart.o(.text)
    USART_SendBreak                          0x0800756f   Thumb Code    10  stm32f10x_usart.o(.text)
    USART_SetGuardTime                       0x08007579   Thumb Code    16  stm32f10x_usart.o(.text)
    USART_SetPrescaler                       0x08007589   Thumb Code    16  stm32f10x_usart.o(.text)
    USART_SmartCardCmd                       0x08007599   Thumb Code    24  stm32f10x_usart.o(.text)
    USART_SmartCardNACKCmd                   0x080075b1   Thumb Code    24  stm32f10x_usart.o(.text)
    USART_HalfDuplexCmd                      0x080075c9   Thumb Code    24  stm32f10x_usart.o(.text)
    USART_OverSampling8Cmd                   0x080075e1   Thumb Code    22  stm32f10x_usart.o(.text)
    USART_OneBitMethodCmd                    0x080075f7   Thumb Code    24  stm32f10x_usart.o(.text)
    USART_IrDAConfig                         0x0800760f   Thumb Code    18  stm32f10x_usart.o(.text)
    USART_IrDACmd                            0x08007621   Thumb Code    24  stm32f10x_usart.o(.text)
    USART_GetFlagStatus                      0x08007639   Thumb Code    26  stm32f10x_usart.o(.text)
    USART_ClearFlag                          0x08007653   Thumb Code    18  stm32f10x_usart.o(.text)
    USART_GetITStatus                        0x08007665   Thumb Code    84  stm32f10x_usart.o(.text)
    USART_ClearITPendingBit                  0x080076b9   Thumb Code    52  stm32f10x_usart.o(.text)
    __aeabi_dmul                             0x080076ed   Thumb Code   228  dmul.o(.text)
    __aeabi_ddiv                             0x080077d1   Thumb Code   222  ddiv.o(.text)
    __aeabi_ui2d                             0x080078af   Thumb Code    26  dfltui.o(.text)
    __aeabi_d2uiz                            0x080078c9   Thumb Code    50  dfixui.o(.text)
    __aeabi_llsr                             0x080078fb   Thumb Code    32  llushr.o(.text)
    _ll_ushift_r                             0x080078fb   Thumb Code     0  llushr.o(.text)
    __I$use$fp                               0x0800791b   Thumb Code     0  iusefp.o(.text)
    _double_round                            0x0800791b   Thumb Code    30  depilogue.o(.text)
    _double_epilogue                         0x08007939   Thumb Code   156  depilogue.o(.text)
    __scatterload                            0x080079d5   Thumb Code    28  init.o(.text)
    __scatterload_rt2                        0x080079d5   Thumb Code     0  init.o(.text)
    __aeabi_llsl                             0x080079f9   Thumb Code    30  llshl.o(.text)
    _ll_shift_l                              0x080079f9   Thumb Code     0  llshl.o(.text)
    __decompress                             0x08007a17   Thumb Code     0  __dczerorl2.o(.text)
    __decompress1                            0x08007a17   Thumb Code    86  __dczerorl2.o(.text)
    __scatterload_copy                       0x08007a6d   Thumb Code    14  handlers.o(i.__scatterload_copy)
    __scatterload_null                       0x08007a7b   Thumb Code     2  handlers.o(i.__scatterload_null)
    __scatterload_zeroinit                   0x08007a7d   Thumb Code    14  handlers.o(i.__scatterload_zeroinit)
    Region$$Table$$Base                      0x08007a8c   Number         0  anon$$obj.o(Region$$Table)
    Region$$Table$$Limit                     0x08007aac   Number         0  anon$$obj.o(Region$$Table)
    LCD_Line                                 0x20000000   Data          16  lcd12864.o(.data)
    LCD_Start                                0x20000010   Data          64  lcd12864.o(.data)
    LCD_Main                                 0x20000050   Data          72  lcd12864.o(.data)
    LCD_Set                                  0x20000098   Data          64  lcd12864.o(.data)
    LCD_State                                0x200000d8   Data          64  lcd12864.o(.data)
    LCD_Adjust                               0x20000118   Data          64  lcd12864.o(.data)
    key_Map                                  0x20000158   Data          16  keypad.o(.data)
    ADCConvertedValue                        0x20000168   Data           6  adc.o(.data)
    AD_Data1                                 0x20000170   Data           4  adc.o(.data)
    AD_Data2                                 0x20000174   Data           4  adc.o(.data)
    AD_Data3                                 0x20000178   Data           4  adc.o(.data)
    AD_Value1                                0x2000017c   Data           4  adc.o(.data)
    AD_Value2                                0x20000180   Data           4  adc.o(.data)
    AD_Value3                                0x20000184   Data           4  adc.o(.data)
    OUTX_Num                                 0x2000018c   Data           4  pwm.o(.data)
    OUTY_Num                                 0x20000190   Data           4  pwm.o(.data)
    OUTX_Flag                                0x20000194   Data           4  pwm.o(.data)
    OUTY_Flag                                0x20000198   Data           4  pwm.o(.data)
    press_flag1                              0x2000019c   Data           1  motor.o(.data)
    press_flag2                              0x2000019d   Data           1  motor.o(.data)
    press_flag3                              0x2000019e   Data           1  motor.o(.data)
    press_flag4                              0x2000019f   Data           1  motor.o(.data)
    key_Pressed                              0x200001a0   Data           1  motor.o(.data)
    key_flag                                 0x200001a1   Data           1  motor.o(.data)
    key_val                                  0x200001a2   Data           1  motor.o(.data)
    LCD_flag                                 0x200001a3   Data           1  motor.o(.data)
    LCD_Ying                                 0x200001a4   Data           1  motor.o(.data)
    Set_flag                                 0x200001a5   Data           1  motor.o(.data)
    Start_X                                  0x200001a8   Data           4  motor.o(.data)
    Start_Y                                  0x200001ac   Data           4  motor.o(.data)
    Stop_X                                   0x200001b0   Data           4  motor.o(.data)
    Stop_Y                                   0x200001b4   Data           4  motor.o(.data)
    Run_X                                    0x200001b8   Data           4  motor.o(.data)
    Run_Y                                    0x200001bc   Data           4  motor.o(.data)
    Run_Num                                  0x200001c0   Data           4  motor.o(.data)
    Run_V                                    0x200001c4   Data           4  motor.o(.data)
    Set_Wei                                  0x200001c8   Data           1  motor.o(.data)
    Auto_end                                 0x200001cc   Data           4  motor.o(.data)
    Grid_init                                0x200001d0   Data           4  motor.o(.data)
    Grid0_Num                                0x200001d4   Data           4  motor.o(.data)
    AN1_flag                                 0x200001d8   Data           1  motor.o(.data)
    AD_ResultX                               0x200001dc   Data           4  motor.o(.data)
    AD_ResultY                               0x200001e0   Data           4  motor.o(.data)
    AD_ResultV                               0x200001e4   Data           4  motor.o(.data)
    AD_RunV_over                             0x200001e8   Data           4  motor.o(.data)
    AuRun_Flag                               0x200001ec   Data           4  motor.o(.data)
    Auto_UART                                0x200001f0   Data           4  motor.o(.data)
    AuIma_ALL                                0x200001f4   Data           4  motor.o(.data)
    Apple_Pick                               0x200001f8   Data           4  motor.o(.data)
    Pick_time1                               0x200001fc   Data           4  motor.o(.data)
    Pick_time2                               0x20000200   Data           4  motor.o(.data)
    Pick_line                                0x20000204   Data           4  motor.o(.data)
    Pick_Htim                                0x20000208   Data           4  motor.o(.data)
    PreDa_X                                  0x2000020c   Data           4  motor.o(.data)
    PreDa_Y                                  0x20000210   Data           4  motor.o(.data)
    FollowDa_X                               0x20000214   Data           4  motor.o(.data)
    FollowDa_Y                               0x20000218   Data           4  motor.o(.data)
    MOT_Spwm_MAX                             0x2000021c   Data           4  motor.o(.data)
    MOT_Spwm_MIN                             0x20000220   Data           4  motor.o(.data)
    Pick_time_M                              0x20000224   Data           4  motor.o(.data)
    shift_X                                  0x20000228   Data           4  motor.o(.data)
    shift_Y                                  0x2000022c   Data           4  motor.o(.data)
    MOT_DirX                                 0x20000230   Data           4  motor.o(.data)
    MOT_DirY                                 0x20000234   Data           4  motor.o(.data)
    MOT_DirZ                                 0x20000238   Data           4  motor.o(.data)
    MOT_FlagX                                0x2000023c   Data           4  motor.o(.data)
    MOT_FlagY                                0x20000240   Data           4  motor.o(.data)
    Pre_MOT_X                                0x20000244   Data           4  motor.o(.data)
    Pre_MOT_Y                                0x20000248   Data           4  motor.o(.data)
    OUTA_pwm                                 0x2000024c   Data           4  motor.o(.data)
    OUTB_pwm                                 0x20000250   Data           4  motor.o(.data)
    OUTC_pwm                                 0x20000254   Data           4  motor.o(.data)
    OUTD_pwm                                 0x20000258   Data           4  motor.o(.data)
    MOT_Zpwm                                 0x2000025c   Data           4  motor.o(.data)
    MOT_Spwm                                 0x20000260   Data           4  motor.o(.data)
    TimingDelay                              0x20000264   Data           4  bsp.o(.data)
    RxCnt                                    0x20000268   Data           4  bsp.o(.data)
    RxDa_X                                   0x2000026c   Data           4  bsp.o(.data)
    RxDa_Y                                   0x20000270   Data           4  bsp.o(.data)
    SystemCoreClock                          0x20000278   Data           4  system_stm32f10x.o(.data)
    AHBPrescTable                            0x2000027c   Data          16  system_stm32f10x.o(.data)
    ADC_InitStructure                        0x200002a0   Data          20  adc.o(.bss)
    DMA_InitStructure                        0x200002b4   Data          44  adc.o(.bss)
    Set_Data                                 0x200002e0   Data          48  motor.o(.bss)
    Pick_DaX                                 0x20000310   Data          80  motor.o(.bss)
    Pick_DaY                                 0x20000360   Data          80  motor.o(.bss)
    RxDa                                     0x200003b0   Data          24  bsp.o(.bss)
    __initial_sp                             0x200007c8   Data           0  startup_stm32f10x_hd.o(STACK)



==============================================================================

Memory Map of the image

  Image Entry point : 0x08000131

  Load Region LR_IROM1 (Base: 0x08000000, Size: 0x00007d4c, Max: 0x00080000, ABSOLUTE, COMPRESSED[0x00007ba8])

    Execution Region ER_IROM1 (Exec base: 0x08000000, Load base: 0x08000000, Size: 0x00007aac, Max: 0x00080000, ABSOLUTE)

    Exec Addr    Load Addr    Size         Type   Attr      Idx    E Section Name        Object

    0x08000000   0x08000000   0x00000130   Data   RO            3    RESET               startup_stm32f10x_hd.o
    0x08000130   0x08000130   0x00000000   Code   RO          602  * .ARM.Collect$$$$00000000  mc_w.l(entry.o)
    0x08000130   0x08000130   0x00000004   Code   RO          613    .ARM.Collect$$$$00000001  mc_w.l(entry2.o)
    0x08000134   0x08000134   0x00000004   Code   RO          616    .ARM.Collect$$$$00000004  mc_w.l(entry5.o)
    0x08000138   0x08000138   0x00000000   Code   RO          618    .ARM.Collect$$$$00000008  mc_w.l(entry7b.o)
    0x08000138   0x08000138   0x00000000   Code   RO          620    .ARM.Collect$$$$0000000A  mc_w.l(entry8b.o)
    0x08000138   0x08000138   0x00000008   Code   RO          621    .ARM.Collect$$$$0000000B  mc_w.l(entry9a.o)
    0x08000140   0x08000140   0x00000004   Code   RO          628    .ARM.Collect$$$$0000000E  mc_w.l(entry12b.o)
    0x08000144   0x08000144   0x00000000   Code   RO          623    .ARM.Collect$$$$0000000F  mc_w.l(entry10a.o)
    0x08000144   0x08000144   0x00000000   Code   RO          625    .ARM.Collect$$$$00000011  mc_w.l(entry11a.o)
    0x08000144   0x08000144   0x00000004   Code   RO          614    .ARM.Collect$$$$00002712  mc_w.l(entry2.o)
    0x08000148   0x08000148   0x00000024   Code   RO            4    .text               startup_stm32f10x_hd.o
    0x0800016c   0x0800016c   0x00000124   Code   RO           10    .text               main.o
    0x08000290   0x08000290   0x0000004c   Code   RO          135    .text               stm32f10x_it.o
    0x080002dc   0x080002dc   0x00001c80   Code   RO          155    .text               lcd12864.o
    0x08001f5c   0x08001f5c   0x000000ec   Code   RO          174    .text               keypad.o
    0x08002048   0x08002048   0x000003ac   Code   RO          193    .text               adc.o
    0x080023f4   0x080023f4   0x000005f4   Code   RO          214    .text               pwm.o
    0x080029e8   0x080029e8   0x00000ac8   Code   RO          233    .text               motor.o
    0x080034b0   0x080034b0   0x00000e94   Code   RO          253    .text               operate.o
    0x08004344   0x08004344   0x00000560   Code   RO          265    .text               adjust.o
    0x080048a4   0x080048a4   0x00000608   Code   RO          280    .text               bsp.o
    0x08004eac   0x08004eac   0x000001e0   Code   RO          306    .text               system_stm32f10x.o
    0x0800508c   0x0800508c   0x000000dc   Code   RO          324    .text               misc.o
    0x08005168   0x08005168   0x0000044e   Code   RO          336    .text               stm32f10x_adc.o
    0x080055b6   0x080055b6   0x00000002   PAD
    0x080055b8   0x080055b8   0x00000254   Code   RO          420    .text               stm32f10x_dma.o
    0x0800580c   0x0800580c   0x000005bc   Code   RO          444    .text               stm32f10x_flash.o
    0x08005dc8   0x08005dc8   0x0000035c   Code   RO          468    .text               stm32f10x_gpio.o
    0x08006124   0x08006124   0x000003a4   Code   RO          516    .text               stm32f10x_rcc.o
    0x080064c8   0x080064c8   0x00000e1a   Code   RO          566    .text               stm32f10x_tim.o
    0x080072e2   0x080072e2   0x00000002   PAD
    0x080072e4   0x080072e4   0x00000408   Code   RO          578    .text               stm32f10x_usart.o
    0x080076ec   0x080076ec   0x000000e4   Code   RO          605    .text               mf_w.l(dmul.o)
    0x080077d0   0x080077d0   0x000000de   Code   RO          607    .text               mf_w.l(ddiv.o)
    0x080078ae   0x080078ae   0x0000001a   Code   RO          609    .text               mf_w.l(dfltui.o)
    0x080078c8   0x080078c8   0x00000032   Code   RO          611    .text               mf_w.l(dfixui.o)
    0x080078fa   0x080078fa   0x00000020   Code   RO          629    .text               mc_w.l(llushr.o)
    0x0800791a   0x0800791a   0x00000000   Code   RO          631    .text               mc_w.l(iusefp.o)
    0x0800791a   0x0800791a   0x000000ba   Code   RO          632    .text               mf_w.l(depilogue.o)
    0x080079d4   0x080079d4   0x00000024   Code   RO          634    .text               mc_w.l(init.o)
    0x080079f8   0x080079f8   0x0000001e   Code   RO          636    .text               mc_w.l(llshl.o)
    0x08007a16   0x08007a16   0x00000056   Code   RO          646    .text               mc_w.l(__dczerorl2.o)
    0x08007a6c   0x08007a6c   0x0000000e   Code   RO          640    i.__scatterload_copy  mc_w.l(handlers.o)
    0x08007a7a   0x08007a7a   0x00000002   Code   RO          641    i.__scatterload_null  mc_w.l(handlers.o)
    0x08007a7c   0x08007a7c   0x0000000e   Code   RO          642    i.__scatterload_zeroinit  mc_w.l(handlers.o)
    0x08007a8a   0x08007a8a   0x00000002   PAD
    0x08007a8c   0x08007a8c   0x00000020   Data   RO          638    Region$$Table       anon$$obj.o


    Execution Region RW_IRAM1 (Exec base: 0x20000000, Load base: 0x08007aac, Size: 0x000007c8, Max: 0x00010000, ABSOLUTE, COMPRESSED[0x000000fc])

    Exec Addr    Load Addr    Size         Type   Attr      Idx    E Section Name        Object

    0x20000000   COMPRESSED   0x00000158   Data   RW          156    .data               lcd12864.o
    0x20000158   COMPRESSED   0x00000010   Data   RW          175    .data               keypad.o
    0x20000168   COMPRESSED   0x00000024   Data   RW          195    .data               adc.o
    0x2000018c   COMPRESSED   0x00000010   Data   RW          215    .data               pwm.o
    0x2000019c   COMPRESSED   0x000000c8   Data   RW          235    .data               motor.o
    0x20000264   COMPRESSED   0x00000011   Data   RW          282    .data               bsp.o
    0x20000275   COMPRESSED   0x00000003   PAD
    0x20000278   COMPRESSED   0x00000014   Data   RW          307    .data               system_stm32f10x.o
    0x2000028c   COMPRESSED   0x00000014   Data   RW          517    .data               stm32f10x_rcc.o
    0x200002a0        -       0x00000040   Zero   RW          194    .bss                adc.o
    0x200002e0        -       0x000000d0   Zero   RW          234    .bss                motor.o
    0x200003b0        -       0x00000018   Zero   RW          281    .bss                bsp.o
    0x200003c8        -       0x00000400   Zero   RW            1    STACK               startup_stm32f10x_hd.o


==============================================================================

Image component sizes


      Code (inc. data)   RO Data    RW Data    ZI Data      Debug   Object Name

       940         96          0         36         64       3214   adc.o
      1376        134          0          0          0       1564   adjust.o
      1544        206          0         17         24       3838   bsp.o
       236         20          0         16          0       1624   keypad.o
      7296        224          0        344          0       8457   lcd12864.o
       292         36          0          0          0     294694   main.o
       220         22          0          0          0       1957   misc.o
      2760        296          0        200        208       5480   motor.o
      3732        394          0          0          0       3508   operate.o
      1524        118          0         16          0       2772   pwm.o
        36          8        304          0       1024        876   startup_stm32f10x_hd.o
      1102         26          0          0          0      11201   stm32f10x_adc.o
       596          8          0          0          0       4522   stm32f10x_dma.o
      1468         34          0          0          0       8362   stm32f10x_flash.o
       860         38          0          0          0       5889   stm32f10x_gpio.o
        76          6          0          0          0       1451   stm32f10x_it.o
       932         36          0         20          0       9116   stm32f10x_rcc.o
      3610         88          0          0          0      23004   stm32f10x_tim.o
      1032         22          0          0          0       8616   stm32f10x_usart.o
       480         38          0         20          0       1931   system_stm32f10x.o

    ----------------------------------------------------------------------
     30116       1850        336        672       1320     402076   Object Totals
         0          0         32          0          0          0   (incl. Generated)
         4          0          0          3          0          0   (incl. Padding)

    ----------------------------------------------------------------------

      Code (inc. data)   RO Data    RW Data    ZI Data      Debug   Library Member Name

        86          0          0          0          0          0   __dczerorl2.o
         0          0          0          0          0          0   entry.o
         0          0          0          0          0          0   entry10a.o
         0          0          0          0          0          0   entry11a.o
         4          0          0          0          0          0   entry12b.o
         8          4          0          0          0          0   entry2.o
         4          0          0          0          0          0   entry5.o
         0          0          0          0          0          0   entry7b.o
         0          0          0          0          0          0   entry8b.o
         8          4          0          0          0          0   entry9a.o
        30          0          0          0          0          0   handlers.o
        36          8          0          0          0         68   init.o
         0          0          0          0          0          0   iusefp.o
        30          0          0          0          0         68   llshl.o
        32          0          0          0          0         68   llushr.o
       222          0          0          0          0        100   ddiv.o
       186          0          0          0          0        176   depilogue.o
        50          0          0          0          0         76   dfixui.o
        26          0          0          0          0         76   dfltui.o
       228          0          0          0          0         96   dmul.o

    ----------------------------------------------------------------------
       952         16          0          0          0        728   Library Totals
         2          0          0          0          0          0   (incl. Padding)

    ----------------------------------------------------------------------

      Code (inc. data)   RO Data    RW Data    ZI Data      Debug   Library Name

       238         16          0          0          0        204   mc_w.l
       712          0          0          0          0        524   mf_w.l

    ----------------------------------------------------------------------
       952         16          0          0          0        728   Library Totals

    ----------------------------------------------------------------------

==============================================================================


      Code (inc. data)   RO Data    RW Data    ZI Data      Debug   

     31068       1866        336        672       1320     400852   Grand Totals
     31068       1866        336        252       1320     400852   ELF Image Totals (compressed)
     31068       1866        336        252          0          0   ROM Totals

==============================================================================

    Total RO  Size (Code + RO Data)                31404 (  30.67kB)
    Total RW  Size (RW Data + ZI Data)              1992 (   1.95kB)
    Total ROM Size (Code + RO Data + RW Data)      31656 (  30.91kB)

==============================================================================

